2026-05-28 16:36:45 URL:https://web.engr.oregonstate.edu/~mjb/cgeducation/ShadersBookSecond/BookCoverSecond.jpg [370819/370819] -> "mirror/web.engr.oregonstate.edu/~mjb/cgeducation/ShadersBookSecond/BookCoverSecond.jpg" [1]
2026-05-28 16:36:45 URL:https://web.engr.oregonstate.edu/~mjb/cgeducation/ShadersBookSecond/BookCoverSecond.thumb.jpg [80015/80015] -> "mirror/web.engr.oregonstate.edu/~mjb/cgeducation/ShadersBookSecond/BookCoverSecond.thumb.jpg" [1]
2026-05-28 16:36:47 URL:https://web.engr.oregonstate.edu/~mjb/cgeducation/ShadersBookSecond/wordle.large.jpg [1823437/1823437] -> "mirror/web.engr.oregonstate.edu/~mjb/cgeducation/ShadersBookSecond/wordle.large.jpg" [1]
2026-05-28 16:36:47 URL:https://web.engr.oregonstate.edu/~mjb/cgeducation/ShadersBookSecond/wordle.thumb.jpg [76598/76598] -> "mirror/web.engr.oregonstate.edu/~mjb/cgeducation/ShadersBookSecond/wordle.thumb.jpg" [1]
2026-05-28 16:36:47 URL:https://web.engr.oregonstate.edu/~mjb/cgeducation/ShadersBookSecond/Source/ [8197/8197] -> "mirror/web.engr.oregonstate.edu/~mjb/cgeducation/ShadersBookSecond/Source" [1]
https://web.engr.oregonstate.edu/~mjb/cgeducation/ShadersBookSecond/openglstatemachine.pdf:
2026-05-28 16:36:47 ERROR 404: Not Found.
https://web.engr.oregonstate.edu/~mjb/cs519v/openglstatemachine.pdf:
2026-05-28 16:36:47 ERROR 404: Not Found.
https://web.engr.oregonstate.edu/~mjb/cs550/PDFs/SinCos.1pp.pdf:
2026-05-28 16:36:48 ERROR 404: Not Found.
https://web.engr.oregonstate.edu/~mjb/cs550/Handouts/GettingStarted.1pp.pdf:
2026-05-28 16:36:48 ERROR 404: Not Found.
https://web.engr.oregonstate.edu/~mjb/cs550/Handouts/GettingStarted.2pp.pdf:
2026-05-28 16:36:48 ERROR 404: Not Found.
https://web.engr.oregonstate.edu/~mjb/cs550/Handouts/GettingStarted.4pp.pdf:
2026-05-28 16:36:48 ERROR 404: Not Found.
https://web.engr.oregonstate.edu/~mjb/cs550/Handouts/GettingStarted.6pp.pdf:
2026-05-28 16:36:48 ERROR 404: Not Found.
https://web.engr.oregonstate.edu/~mjb/cs553/Handouts/stencilexamples.2pp.pdf:
2026-05-28 16:36:48 ERROR 404: Not Found.
https://web.engr.oregonstate.edu/~mjb/cs557/Obj/lighting.frag:
2026-05-28 16:36:48 ERROR 403: Forbidden.
https://web.engr.oregonstate.edu/~mjb/cs557/Obj/lighting.geom:
2026-05-28 16:36:48 ERROR 403: Forbidden.
https://web.engr.oregonstate.edu/~mjb/cs557/Obj/lighting.glib:
2026-05-28 16:36:48 ERROR 403: Forbidden.
https://web.engr.oregonstate.edu/~mjb/cs557/Obj/lighting.vert:
2026-05-28 16:36:48 ERROR 403: Forbidden.
https://web.engr.oregonstate.edu/~mjb/cs557/PDFs/Project.Notes.457.557.1pp.pdf:
2026-05-28 16:36:48 ERROR 404: Not Found.
https://web.engr.oregonstate.edu/~mjb/cs575/Handouts/Project.Notes.1pp.pdf:
2026-05-28 16:36:48 ERROR 404: Not Found.
2026-05-28 16:36:48 URL:https://web.engr.oregonstate.edu/~mjb/gamemaker/osu.jpg [21613/21613] -> "mirror/web.engr.oregonstate.edu/~mjb/gamemaker/osu.jpg" [1]
2026-05-28 16:36:52 URL:https://web.engr.oregonstate.edu/~mjb/gamemaker/mjbgamemaker-1pp.pdf [3890647/3890647] -> "mirror/web.engr.oregonstate.edu/~mjb/gamemaker/mjbgamemaker-1pp.pdf" [1]
2026-05-28 16:36:57 URL:https://web.engr.oregonstate.edu/~mjb/gamemaker/mjbgamemaker-2pp.pdf [3958993/3958993] -> "mirror/web.engr.oregonstate.edu/~mjb/gamemaker/mjbgamemaker-2pp.pdf" [1]
2026-05-28 16:37:00 URL:https://web.engr.oregonstate.edu/~mjb/gamemaker/mjbgamemaker-6pp.pdf [2338760/2338760] -> "mirror/web.engr.oregonstate.edu/~mjb/gamemaker/mjbgamemaker-6pp.pdf" [1]
2026-05-28 16:37:00 URL:https://web.engr.oregonstate.edu/~mjb/gamemaker/actions.pdf [10569/10569] -> "mirror/web.engr.oregonstate.edu/~mjb/gamemaker/actions.pdf" [1]
2026-05-28 16:37:00 URL:https://web.engr.oregonstate.edu/~mjb/gamemaker/functions.pdf [123589/123589] -> "mirror/web.engr.oregonstate.edu/~mjb/gamemaker/functions.pdf" [1]
2026-05-28 16:37:01 URL:https://web.engr.oregonstate.edu/~mjb/gamemaker/ecosim.pdf [229601/229601] -> "mirror/web.engr.oregonstate.edu/~mjb/gamemaker/ecosim.pdf" [1]
2026-05-28 16:37:01 URL:https://web.engr.oregonstate.edu/~mjb/gamemaker/ecosim.gmk [11630/11630] -> "mirror/web.engr.oregonstate.edu/~mjb/gamemaker/ecosim.gmk" [1]
2026-05-28 16:37:06 URL:https://web.engr.oregonstate.edu/~mjb/gamemaker/gmaker80.pdf [3486755/3486755] -> "mirror/web.engr.oregonstate.edu/~mjb/gamemaker/gmaker80.pdf" [1]
2026-05-28 16:37:06 URL:https://web.engr.oregonstate.edu/~mjb/gamemaker/d3d.pdf [44269/44269] -> "mirror/web.engr.oregonstate.edu/~mjb/gamemaker/d3d.pdf" [1]
2026-05-28 16:37:06 URL:https://web.engr.oregonstate.edu/~mjb/gamemaker/bouncer.gmk [44721/44721] -> "mirror/web.engr.oregonstate.edu/~mjb/gamemaker/bouncer.gmk" [1]
2026-05-28 16:37:06 URL:https://web.engr.oregonstate.edu/~mjb/gamemaker/burnme.gmk [31328/31328] -> "mirror/web.engr.oregonstate.edu/~mjb/gamemaker/burnme.gmk" [1]
2026-05-28 16:37:06 URL:https://web.engr.oregonstate.edu/~mjb/gamemaker/chase.gmk [47472/47472] -> "mirror/web.engr.oregonstate.edu/~mjb/gamemaker/chase.gmk" [1]
2026-05-28 16:37:06 URL:https://web.engr.oregonstate.edu/~mjb/gamemaker/projectile.gmk [57454/57454] -> "mirror/web.engr.oregonstate.edu/~mjb/gamemaker/projectile.gmk" [1]
2026-05-28 16:37:06 URL:https://web.engr.oregonstate.edu/~mjb/gamemaker/eco.gmk [20298/20298] -> "mirror/web.engr.oregonstate.edu/~mjb/gamemaker/eco.gmk" [1]
2026-05-28 16:37:06 URL:https://web.engr.oregonstate.edu/~mjb/gamemaker/3dtest2.gmk [21964/21964] -> "mirror/web.engr.oregonstate.edu/~mjb/gamemaker/3dtest2.gmk" [1]
2026-05-28 16:37:06 URL:https://web.engr.oregonstate.edu/~mjb/gamemaker/book1.jpg [298278/298278] -> "mirror/web.engr.oregonstate.edu/~mjb/gamemaker/book1.jpg" [1]
2026-05-28 16:37:07 URL:https://web.engr.oregonstate.edu/~mjb/gamemaker/book1.thumb.jpg [67916/67916] -> "mirror/web.engr.oregonstate.edu/~mjb/gamemaker/book1.thumb.jpg" [1]
2026-05-28 16:37:07 URL:https://web.engr.oregonstate.edu/~mjb/gamemaker/book2.jpg [53783/53783] -> "mirror/web.engr.oregonstate.edu/~mjb/gamemaker/book2.jpg" [1]
2026-05-28 16:37:07 URL:https://web.engr.oregonstate.edu/~mjb/gamemaker/book2.thumb.jpg [38249/38249] -> "mirror/web.engr.oregonstate.edu/~mjb/gamemaker/book2.thumb.jpg" [1]
2026-05-28 16:37:07 URL:https://web.engr.oregonstate.edu/~mjb/gamemaker/gm8_changes.html [6660/6660] -> "mirror/web.engr.oregonstate.edu/~mjb/gamemaker/gm8_changes.html" [1]
2026-05-28 16:37:08 URL:https://web.engr.oregonstate.edu/~mjb/gamemaker/CoachingWorkshopAFinal.1pp.pdf [545889/545889] -> "mirror/web.engr.oregonstate.edu/~mjb/gamemaker/CoachingWorkshopAFinal.1pp.pdf" [1]
2026-05-28 16:37:08 URL:https://web.engr.oregonstate.edu/~mjb/gamemaker/CoachingWorkshopAFinal.2pp.pdf [527929/527929] -> "mirror/web.engr.oregonstate.edu/~mjb/gamemaker/CoachingWorkshopAFinal.2pp.pdf" [1]
2026-05-28 16:37:08 URL:https://web.engr.oregonstate.edu/~mjb/glman/Images/osu.jpg [25450/25450] -> "mirror/web.engr.oregonstate.edu/~mjb/glman/Images/osu.jpg" [1]
2026-05-28 16:37:08 URL:https://web.engr.oregonstate.edu/~mjb/glman/rainbow1.jpg [186686/186686] -> "mirror/web.engr.oregonstate.edu/~mjb/glman/rainbow1.jpg" [1]
2026-05-28 16:37:09 URL:https://web.engr.oregonstate.edu/~mjb/glman/rainbow1.thumb.jpg [43721/43721] -> "mirror/web.engr.oregonstate.edu/~mjb/glman/rainbow1.thumb.jpg" [1]
2026-05-28 16:37:09 URL:https://web.engr.oregonstate.edu/~mjb/glman/rainbow2.jpg [149154/149154] -> "mirror/web.engr.oregonstate.edu/~mjb/glman/rainbow2.jpg" [1]
2026-05-28 16:37:09 URL:https://web.engr.oregonstate.edu/~mjb/glman/rainbow2.thumb.jpg [38117/38117] -> "mirror/web.engr.oregonstate.edu/~mjb/glman/rainbow2.thumb.jpg" [1]
2026-05-28 16:37:09 URL:https://web.engr.oregonstate.edu/~mjb/glman/rainbow3.jpg [397986/397986] -> "mirror/web.engr.oregonstate.edu/~mjb/glman/rainbow3.jpg" [1]
2026-05-28 16:37:09 URL:https://web.engr.oregonstate.edu/~mjb/glman/rainbow3.thumb.jpg [59946/59946] -> "mirror/web.engr.oregonstate.edu/~mjb/glman/rainbow3.thumb.jpg" [1]
2026-05-28 16:37:09 URL:https://web.engr.oregonstate.edu/~mjb/cs519/index.html [113315/113315] -> "mirror/web.engr.oregonstate.edu/~mjb/cs519/index.html" [1]
2026-05-28 16:37:10 URL:https://web.engr.oregonstate.edu/~mjb/glman/Doc/glman.pdf [301056/301056] -> "mirror/web.engr.oregonstate.edu/~mjb/glman/Doc/glman.pdf" [1]
2026-05-28 16:37:14 URL:https://web.engr.oregonstate.edu/~mjb/glman/GlmanWindows/glman.exe [6834688/6834688] -> "mirror/web.engr.oregonstate.edu/~mjb/glman/GlmanWindows/glman.exe" [1]
2026-05-28 16:37:14 URL:https://web.engr.oregonstate.edu/~mjb/glman/GlmanWindows/glew32.dll [331776/331776] -> "mirror/web.engr.oregonstate.edu/~mjb/glman/GlmanWindows/glew32.dll" [1]
2026-05-28 16:37:15 URL:https://web.engr.oregonstate.edu/~mjb/glman/GlmanWindows/glut32.dll [237568/237568] -> "mirror/web.engr.oregonstate.edu/~mjb/glman/GlmanWindows/glut32.dll" [1]
2026-05-28 16:37:15 URL:https://web.engr.oregonstate.edu/~mjb/glman/GlmanWindows/msvcr71d.dll [544768/544768] -> "mirror/web.engr.oregonstate.edu/~mjb/glman/GlmanWindows/msvcr71d.dll" [1]
2026-05-28 16:37:15 URL:https://web.engr.oregonstate.edu/~mjb/glman/Examples/ [3057/3057] -> "mirror/web.engr.oregonstate.edu/~mjb/glman/Examples" [1]
2026-05-28 16:37:15 URL:https://web.engr.oregonstate.edu/~mjb/glman/ClassNotes/ [4369/4369] -> "mirror/web.engr.oregonstate.edu/~mjb/glman/ClassNotes" [1]
https://web.engr.oregonstate.edu/~mjb/vulkan/openglstatemachine.pdf:
2026-05-28 16:37:15 ERROR 404: Not Found.
https://web.engr.oregonstate.edu/~mjb/vulkan/opengl45-quick-reference-card.pdf:
2026-05-28 16:37:15 ERROR 404: Not Found.
FINISHED --2026-05-28 16:37:15--
Total wall clock time: 31s
Downloaded: 43 files, 26M in 28s (947 KB/s)
