--2026-05-28 14:59:26--  https://web.engr.oregonstate.edu/~mjb/cs550/Projects/Planets/mercury.bmp
Resolving web.engr.oregonstate.edu (web.engr.oregonstate.edu)... 128.193.40.12
Connecting to web.engr.oregonstate.edu (web.engr.oregonstate.edu)|128.193.40.12|:443... connected.
HTTP request sent, awaiting response... 200 OK
Length: 1572918 (1.5M) [image/bmp]
Saving to: ‘mirror/web.engr.oregonstate.edu/~mjb/cs550/Projects/Planets/mercury.bmp’

     0K .......... .......... .......... .......... ..........  3% 3.84M 0s
    50K .......... .......... .......... .......... ..........  6% 1.63M 1s
   100K .......... .......... .......... .......... ..........  9% 2.98M 1s
   150K .......... .......... .......... .......... .......... 13% 2.16M 1s
   200K .......... .......... .......... .......... .......... 16% 1.76M 1s
   250K .......... .......... .......... .......... .......... 19% 2.61M 1s
   300K .......... .......... .......... .......... .......... 22% 1.37M 1s
   350K .......... .......... .......... .......... .......... 26% 1.99M 1s
   400K .......... .......... .......... .......... .......... 29% 1.75M 1s
   450K .......... .......... .......... .......... .......... 32% 2.61M 0s
   500K .......... .......... .......... .......... .......... 35% 5.17M 0s
   550K .......... .......... .......... .......... .......... 39%  543K 1s
   600K .......... .......... .......... .......... .......... 42%  387K 1s
   650K .......... .......... .......... .......... .......... 45% 3.05M 1s
   700K .......... .......... .......... .......... .......... 48% 1.39M 1s
   750K .......... .......... .......... .......... .......... 52%  586K 1s
   800K .......... .......... .......... .......... .......... 55%  661K 1s
   850K .......... .......... .......... .......... .......... 58% 1.08M 1s
   900K .......... .......... .......... .......... .......... 61% 1.04M 0s
   950K .......... .......... .......... .......... .......... 65% 4.23M 0s
  1000K .......... .......... .......... .......... .......... 68%  802K 0s
  1050K .......... .......... .......... .......... .......... 71% 1.22M 0s
  1100K .......... .......... .......... .......... .......... 74% 1.43M 0s
  1150K .......... .......... .......... .......... .......... 78%  745K 0s
  1200K .......... .......... .......... .......... .......... 81% 1.33M 0s
  1250K .......... .......... .......... .......... .......... 84% 1.06M 0s
  1300K .......... .......... .......... .......... .......... 87%  926K 0s
  1350K .......... .......... .......... .......... .......... 91% 1.69M 0s
  1400K .......... .......... .......... .......... .......... 94%  722K 0s
  1450K .......... .......... .......... .......... .......... 97%  482K 0s
  1500K .......... .......... .......... ......               100%  954K=1.4s

2026-05-28 14:59:28 (1.10 MB/s) - ‘mirror/web.engr.oregonstate.edu/~mjb/cs550/Projects/Planets/mercury.bmp’ saved [1572918/1572918]

--2026-05-28 14:59:28--  https://web.engr.oregonstate.edu/~mjb/cs550/Projects/Planets/venus.bmp
Reusing existing connection to web.engr.oregonstate.edu:443.
HTTP request sent, awaiting response... 200 OK
Length: 1572918 (1.5M) [image/bmp]
Saving to: ‘mirror/web.engr.oregonstate.edu/~mjb/cs550/Projects/Planets/venus.bmp’

     0K .......... .......... .......... .......... ..........  3%  906K 2s
    50K .......... .......... .......... .......... ..........  6% 1.09M 1s
   100K .......... .......... .......... .......... ..........  9%  418K 2s
   150K .......... .......... .......... .......... .......... 13%  399K 2s
   200K .......... .......... .......... .......... .......... 16%  589K 2s
   250K .......... .......... .......... .......... .......... 19%  422K 2s
   300K .......... .......... .......... .......... .......... 22% 1.08M 2s
   350K .......... .......... .......... .......... .......... 26%  826K 2s
   400K .......... .......... .......... .......... .......... 29% 1.01M 2s
   450K .......... .......... .......... .......... .......... 32%  893K 2s
   500K .......... .......... .......... .......... .......... 35%  629K 2s
   550K .......... .......... .......... .......... .......... 39%  638K 1s
   600K .......... .......... .......... .......... .......... 42%  664K 1s
   650K .......... .......... .......... .......... .......... 45%  497K 1s
   700K .......... .......... .......... .......... .......... 48%  484K 1s
   750K .......... .......... .......... .......... .......... 52% 1.94M 1s
   800K .......... .......... .......... .......... .......... 55% 1020K 1s
   850K .......... .......... .......... .......... .......... 58%  718K 1s
   900K .......... .......... .......... .......... .......... 61% 1.42M 1s
   950K .......... .......... .......... .......... .......... 65%  870K 1s
  1000K .......... .......... .......... .......... .......... 68%  251K 1s
  1050K .......... .......... .......... .......... .......... 71%  642K 1s
  1100K .......... .......... .......... .......... .......... 74%  307K 1s
  1150K .......... .......... .......... .......... .......... 78%  524K 1s
  1200K .......... .......... .......... .......... .......... 81%  634K 0s
  1250K .......... .......... .......... .......... .......... 84%  502K 0s
  1300K .......... .......... .......... .......... .......... 87%  711K 0s
  1350K .......... .......... .......... .......... .......... 91%  332K 0s
  1400K .......... .......... .......... .......... .......... 94% 1.33M 0s
  1450K .......... .......... .......... .......... .......... 97% 1.37M 0s
  1500K .......... .......... .......... ......               100%  545K=2.5s

2026-05-28 14:59:30 (613 KB/s) - ‘mirror/web.engr.oregonstate.edu/~mjb/cs550/Projects/Planets/venus.bmp’ saved [1572918/1572918]

--2026-05-28 14:59:30--  https://web.engr.oregonstate.edu/~mjb/cs550/Projects/Planets/earth.bmp
Reusing existing connection to web.engr.oregonstate.edu:443.
HTTP request sent, awaiting response... 200 OK
Length: 1572918 (1.5M) [image/bmp]
Saving to: ‘mirror/web.engr.oregonstate.edu/~mjb/cs550/Projects/Planets/earth.bmp’

     0K .......... .......... .......... .......... ..........  3%  298K 5s
    50K .......... .......... .......... .......... ..........  6%  147K 7s
   100K .......... .......... .......... .......... ..........  9%  207M 5s
   150K .......... .......... .......... .......... .......... 13% 3.52M 3s
   200K .......... .......... .......... .......... .......... 16% 1.35M 3s
   250K .......... .......... .......... .......... .......... 19% 1.35M 2s
   300K .......... .......... .......... .......... .......... 22% 1.27M 2s
   350K .......... .......... .......... .......... .......... 26% 1021K 2s
   400K .......... .......... .......... .......... .......... 29% 1.12M 2s
   450K .......... .......... .......... .......... .......... 32%  238K 2s
   500K .......... .......... .......... .......... .......... 35%  399K 2s
   550K .......... .......... .......... .......... .......... 39%  722K 2s
   600K .......... .......... .......... .......... .......... 42% 1.16M 2s
   650K .......... .......... .......... .......... .......... 45% 1.64M 1s
   700K .......... .......... .......... .......... .......... 48%  568K 1s
   750K .......... .......... .......... .......... .......... 52%  962K 1s
   800K .......... .......... .......... .......... .......... 55%  542K 1s
   850K .......... .......... .......... .......... .......... 58%  481K 1s
   900K .......... .......... .......... .......... .......... 61%  408K 1s
   950K .......... .......... .......... .......... .......... 65%  347K 1s
  1000K .......... .......... .......... .......... .......... 68%  681K 1s
  1050K .......... .......... .......... .......... .......... 71% 1.19M 1s
  1100K .......... .......... .......... .......... .......... 74%  608K 1s
  1150K .......... .......... .......... .......... .......... 78% 1.07M 1s
  1200K .......... .......... .......... .......... .......... 81% 1.02M 0s
  1250K .......... .......... .......... .......... .......... 84%  785K 0s
  1300K .......... .......... .......... .......... .......... 87%  890K 0s
  1350K .......... .......... .......... .......... .......... 91%  562K 0s
  1400K .......... .......... .......... .......... .......... 94%  336K 0s
  1450K .......... .......... .......... .......... .......... 97% 1.49M 0s
  1500K .......... .......... .......... ......               100% 2.31M=2.5s

2026-05-28 14:59:33 (614 KB/s) - ‘mirror/web.engr.oregonstate.edu/~mjb/cs550/Projects/Planets/earth.bmp’ saved [1572918/1572918]

--2026-05-28 14:59:33--  https://web.engr.oregonstate.edu/~mjb/cs550/Projects/Planets/mars.bmp
Reusing existing connection to web.engr.oregonstate.edu:443.
HTTP request sent, awaiting response... 200 OK
Length: 1572918 (1.5M) [image/bmp]
Saving to: ‘mirror/web.engr.oregonstate.edu/~mjb/cs550/Projects/Planets/mars.bmp’

     0K .......... .......... .......... .......... ..........  3% 4.01M 0s
    50K .......... .......... .......... .......... ..........  6% 1.65M 1s
   100K .......... .......... .......... .......... ..........  9% 1.12M 1s
   150K .......... .......... .......... .......... .......... 13% 1.07M 1s
   200K .......... .......... .......... .......... .......... 16%  999K 1s
   250K .......... .......... .......... .......... .......... 19%  605K 1s
   300K .......... .......... .......... .......... .......... 22%  515K 1s
   350K .......... .......... .......... .......... .......... 26%  654K 1s
   400K .......... .......... .......... .......... .......... 29%  778K 1s
   450K .......... .......... .......... .......... .......... 32%  875K 1s
   500K .......... .......... .......... .......... .......... 35%  496K 1s
   550K .......... .......... .......... .......... .......... 39%  487K 1s
   600K .......... .......... .......... .......... .......... 42% 1.64M 1s
   650K .......... .......... .......... .......... .......... 45% 1020K 1s
   700K .......... .......... .......... .......... .......... 48% 1.26M 1s
   750K .......... .......... .......... .......... .......... 52% 1.05M 1s
   800K .......... .......... .......... .......... .......... 55% 1.30M 1s
   850K .......... .......... .......... .......... .......... 58% 1.81M 1s
   900K .......... .......... .......... .......... .......... 61% 2.19M 1s
   950K .......... .......... .......... .......... .......... 65% 1.86M 1s
  1000K .......... .......... .......... .......... .......... 68% 1.13M 1s
  1050K .......... .......... .......... .......... .......... 71% 1.17M 0s
  1100K .......... .......... .......... .......... .......... 74% 1.11M 0s
  1150K .......... .......... .......... .......... .......... 78% 1.32M 0s
  1200K .......... .......... .......... .......... .......... 81% 1.00M 0s
  1250K .......... .......... .......... .......... .......... 84% 1.97M 0s
  1300K .......... .......... .......... .......... .......... 87% 1.24M 0s
  1350K .......... .......... .......... .......... .......... 91%  653K 0s
  1400K .......... .......... .......... .......... .......... 94%  238K 0s
  1450K .......... .......... .......... .......... .......... 97%  237M 0s
  1500K .......... .......... .......... ......               100%  253M=1.6s

2026-05-28 14:59:35 (956 KB/s) - ‘mirror/web.engr.oregonstate.edu/~mjb/cs550/Projects/Planets/mars.bmp’ saved [1572918/1572918]

--2026-05-28 14:59:35--  https://web.engr.oregonstate.edu/~mjb/cs550/Projects/Planets/moon.bmp
Reusing existing connection to web.engr.oregonstate.edu:443.
HTTP request sent, awaiting response... 200 OK
Length: 1573002 (1.5M) [image/bmp]
Saving to: ‘mirror/web.engr.oregonstate.edu/~mjb/cs550/Projects/Planets/moon.bmp’

     0K .......... .......... .......... .......... ..........  3% 2.19M 1s
    50K .......... .......... .......... .......... ..........  6% 2.43M 1s
   100K .......... .......... .......... .......... ..........  9%  402K 2s
   150K .......... .......... .......... .......... .......... 13%  710K 2s
   200K .......... .......... .......... .......... .......... 16%  499K 2s
   250K .......... .......... .......... .......... .......... 19%  824K 2s
   300K .......... .......... .......... .......... .......... 22%  811K 2s
   350K .......... .......... .......... .......... .......... 26%  477K 2s
   400K .......... .......... .......... .......... .......... 29%  306K 2s
   450K .......... .......... .......... .......... .......... 32%  551K 2s
   500K .......... .......... .......... .......... .......... 35%  554K 2s
   550K .......... .......... .......... .......... .......... 39%  496K 2s
   600K .......... .......... .......... .......... .......... 42%  638K 1s
   650K .......... .......... .......... .......... .......... 45% 1.37M 1s
   700K .......... .......... .......... .......... .......... 48% 1.88M 1s
   750K .......... .......... .......... .......... .......... 52%  187K 1s
   800K .......... .......... .......... .......... .......... 55%  277M 1s
   850K .......... .......... .......... .......... .......... 58%  256M 1s
   900K .......... .......... .......... .......... .......... 61%  231M 1s
   950K .......... .......... .......... .......... .......... 65%  167M 1s
  1000K .......... .......... .......... .......... .......... 68%  260M 1s
  1050K .......... .......... .......... .......... .......... 71%  292M 1s
  1100K .......... .......... .......... .......... .......... 74% 40.8M 0s
  1150K .......... .......... .......... .......... .......... 78%  175M 0s
  1200K .......... .......... .......... .......... .......... 81%  223M 0s
  1250K .......... .......... .......... .......... .......... 84%  255M 0s
  1300K .......... .......... .......... .......... .......... 87%  252M 0s
  1350K .......... .......... .......... .......... .......... 91% 5.66M 0s
  1400K .......... .......... .......... .......... .......... 94% 3.16M 0s
  1450K .......... .......... .......... .......... .......... 97% 2.20M 0s
  1500K .......... .......... .......... ......               100%  790K=1.5s

2026-05-28 14:59:36 (1016 KB/s) - ‘mirror/web.engr.oregonstate.edu/~mjb/cs550/Projects/Planets/moon.bmp’ saved [1573002/1573002]

--2026-05-28 14:59:36--  https://web.engr.oregonstate.edu/~mjb/cs550/Projects/Planets/jupiter.bmp
Reusing existing connection to web.engr.oregonstate.edu:443.
HTTP request sent, awaiting response... 200 OK
Length: 1572918 (1.5M) [image/bmp]
Saving to: ‘mirror/web.engr.oregonstate.edu/~mjb/cs550/Projects/Planets/jupiter.bmp’

     0K .......... .......... .......... .......... ..........  3% 1.30M 1s
    50K .......... .......... .......... .......... ..........  6%  903K 1s
   100K .......... .......... .......... .......... ..........  9%  650K 2s
   150K .......... .......... .......... .......... .......... 13%  975K 1s
   200K .......... .......... .......... .......... .......... 16% 1.24M 1s
   250K .......... .......... .......... .......... .......... 19% 2.87M 1s
   300K .......... .......... .......... .......... .......... 22% 1.29M 1s
   350K .......... .......... .......... .......... .......... 26% 2.45M 1s
   400K .......... .......... .......... .......... .......... 29%  959K 1s
   450K .......... .......... .......... .......... .......... 32% 1.86M 1s
   500K .......... .......... .......... .......... .......... 35% 1.34M 1s
   550K .......... .......... .......... .......... .......... 39% 1.69M 1s
   600K .......... .......... .......... .......... .......... 42% 1.42M 1s
   650K .......... .......... .......... .......... .......... 45%  610K 1s
   700K .......... .......... .......... .......... .......... 48%  693K 1s
   750K .......... .......... .......... .......... .......... 52%  825K 1s
   800K .......... .......... .......... .......... .......... 55%  925K 1s
   850K .......... .......... .......... .......... .......... 58% 1.57M 1s
   900K .......... .......... .......... .......... .......... 61%  866K 1s
   950K .......... .......... .......... .......... .......... 65% 1.35M 0s
  1000K .......... .......... .......... .......... .......... 68% 1.07M 0s
  1050K .......... .......... .......... .......... .......... 71% 1.47M 0s
  1100K .......... .......... .......... .......... .......... 74%  437K 0s
  1150K .......... .......... .......... .......... .......... 78%  605K 0s
  1200K .......... .......... .......... .......... .......... 81% 1.07M 0s
  1250K .......... .......... .......... .......... .......... 84%  343K 0s
  1300K .......... .......... .......... .......... .......... 87%  741K 0s
  1350K .......... .......... .......... .......... .......... 91%  705K 0s
  1400K .......... .......... .......... .......... .......... 94%  457K 0s
  1450K .......... .......... .......... .......... .......... 97%  458K 0s
  1500K .......... .......... .......... ......               100%  812K=1.8s

2026-05-28 14:59:38 (865 KB/s) - ‘mirror/web.engr.oregonstate.edu/~mjb/cs550/Projects/Planets/jupiter.bmp’ saved [1572918/1572918]

--2026-05-28 14:59:38--  https://web.engr.oregonstate.edu/~mjb/cs550/Projects/Planets/saturn.bmp
Reusing existing connection to web.engr.oregonstate.edu:443.
HTTP request sent, awaiting response... 200 OK
Length: 1572918 (1.5M) [image/bmp]
Saving to: ‘mirror/web.engr.oregonstate.edu/~mjb/cs550/Projects/Planets/saturn.bmp’

     0K .......... .......... .......... .......... ..........  3% 1008K 1s
    50K .......... .......... .......... .......... ..........  6%  978K 1s
   100K .......... .......... .......... .......... ..........  9% 1.25M 1s
   150K .......... .......... .......... .......... .......... 13% 1.22M 1s
   200K .......... .......... .......... .......... .......... 16%  943K 1s
   250K .......... .......... .......... .......... .......... 19% 1.01M 1s
   300K .......... .......... .......... .......... .......... 22% 1.46M 1s
   350K .......... .......... .......... .......... .......... 26% 1.18M 1s
   400K .......... .......... .......... .......... .......... 29% 1.16M 1s
   450K .......... .......... .......... .......... .......... 32% 1.35M 1s
   500K .......... .......... .......... .......... .......... 35% 1.37M 1s
   550K .......... .......... .......... .......... .......... 39% 1.18M 1s
   600K .......... .......... .......... .......... .......... 42%  623K 1s
   650K .......... .......... .......... .......... .......... 45%  691K 1s
   700K .......... .......... .......... .......... .......... 48%  574K 1s
   750K .......... .......... .......... .......... .......... 52%  478K 1s
   800K .......... .......... .......... .......... .......... 55%  451K 1s
   850K .......... .......... .......... .......... .......... 58%  352K 1s
   900K .......... .......... .......... .......... .......... 61%  366K 1s
   950K .......... .......... .......... .......... .......... 65%  268K 1s
  1000K .......... .......... .......... .......... .......... 68%  313K 1s
  1050K .......... .......... .......... .......... .......... 71%  298K 1s
  1100K .......... .......... .......... .......... .......... 74%  326K 1s
  1150K .......... .......... .......... .......... .......... 78%  312K 1s
  1200K .......... .......... .......... .......... .......... 81%  340K 1s
  1250K .......... .......... .......... .......... .......... 84%  341K 0s
  1300K .......... .......... .......... .......... .......... 87%  377K 0s
  1350K .......... .......... .......... .......... .......... 91%  951K 0s
  1400K .......... .......... .......... .......... .......... 94%  635K 0s
  1450K .......... .......... .......... .......... .......... 97%  723K 0s
  1500K .......... .......... .......... ......               100%  640K=2.8s

2026-05-28 14:59:41 (557 KB/s) - ‘mirror/web.engr.oregonstate.edu/~mjb/cs550/Projects/Planets/saturn.bmp’ saved [1572918/1572918]

--2026-05-28 14:59:41--  https://web.engr.oregonstate.edu/~mjb/cs550/Projects/Planets/uranus.bmp
Reusing existing connection to web.engr.oregonstate.edu:443.
HTTP request sent, awaiting response... 200 OK
Length: 1572918 (1.5M) [image/bmp]
Saving to: ‘mirror/web.engr.oregonstate.edu/~mjb/cs550/Projects/Planets/uranus.bmp’

     0K .......... .......... .......... .......... ..........  3%  466K 3s
    50K .......... .......... .......... .......... ..........  6% 1.14M 2s
   100K .......... .......... .......... .......... ..........  9% 2.59M 2s
   150K .......... .......... .......... .......... .......... 13% 1.22M 1s
   200K .......... .......... .......... .......... .......... 16%  768K 1s
   250K .......... .......... .......... .......... .......... 19%  453K 2s
   300K .......... .......... .......... .......... .......... 22%  401K 2s
   350K .......... .......... .......... .......... .......... 26%  451K 2s
   400K .......... .......... .......... .......... .......... 29%  995K 2s
   450K .......... .......... .......... .......... .......... 32%  566K 2s
   500K .......... .......... .......... .......... .......... 35% 8.22M 1s
   550K .......... .......... .......... .......... .......... 39% 1.16M 1s
   600K .......... .......... .......... .......... .......... 42%  845K 1s
   650K .......... .......... .......... .......... .......... 45% 1.30M 1s
   700K .......... .......... .......... .......... .......... 48% 1009K 1s
   750K .......... .......... .......... .......... .......... 52%  186K 1s
   800K .......... .......... .......... .......... .......... 55%  414K 1s
   850K .......... .......... .......... .......... .......... 58%  887K 1s
   900K .......... .......... .......... .......... .......... 61% 1.39M 1s
   950K .......... .......... .......... .......... .......... 65%  269K 1s
  1000K .......... .......... .......... .......... .......... 68% 1.08M 1s
  1050K .......... .......... .......... .......... .......... 71% 1.22M 1s
  1100K .......... .......... .......... .......... .......... 74%  393K 1s
  1150K .......... .......... .......... .......... .......... 78%  853K 1s
  1200K .......... .......... .......... .......... .......... 81% 1.38M 0s
  1250K .......... .......... .......... .......... .......... 84%  853K 0s
  1300K .......... .......... .......... .......... .......... 87%  868K 0s
  1350K .......... .......... .......... .......... .......... 91%  453K 0s
  1400K .......... .......... .......... .......... .......... 94% 1.07M 0s
  1450K .......... .......... .......... .......... .......... 97% 1.75M 0s
  1500K .......... .......... .......... ......               100% 1.07M=2.3s

2026-05-28 14:59:43 (680 KB/s) - ‘mirror/web.engr.oregonstate.edu/~mjb/cs550/Projects/Planets/uranus.bmp’ saved [1572918/1572918]

--2026-05-28 14:59:43--  https://web.engr.oregonstate.edu/~mjb/cs550/Projects/Planets/neptune.bmp
Reusing existing connection to web.engr.oregonstate.edu:443.
HTTP request sent, awaiting response... 200 OK
Length: 1572918 (1.5M) [image/bmp]
Saving to: ‘mirror/web.engr.oregonstate.edu/~mjb/cs550/Projects/Planets/neptune.bmp’

     0K .......... .......... .......... .......... ..........  3%  853K 2s
    50K .......... .......... .......... .......... ..........  6%  643K 2s
   100K .......... .......... .......... .......... ..........  9%  316K 3s
   150K .......... .......... .......... .......... .......... 13%  442K 3s
   200K .......... .......... .......... .......... .......... 16%  616K 3s
   250K .......... .......... .......... .......... .......... 19% 1002K 2s
   300K .......... .......... .......... .......... .......... 22%  956K 2s
   350K .......... .......... .......... .......... .......... 26%  672K 2s
   400K .......... .......... .......... .......... .......... 29%  943K 2s
   450K .......... .......... .......... .......... .......... 32% 1.29M 2s
   500K .......... .......... .......... .......... .......... 35% 1.29M 1s
   550K .......... .......... .......... .......... .......... 39% 1.22M 1s
   600K .......... .......... .......... .......... .......... 42%  740K 1s
   650K .......... .......... .......... .......... .......... 45%  559K 1s
   700K .......... .......... .......... .......... .......... 48% 1.19M 1s
   750K .......... .......... .......... .......... .......... 52% 1.01M 1s
   800K .......... .......... .......... .......... .......... 55% 2.52M 1s
   850K .......... .......... .......... .......... .......... 58% 1.06M 1s
   900K .......... .......... .......... .......... .......... 61% 4.05M 1s
   950K .......... .......... .......... .......... .......... 65% 1.63M 1s
  1000K .......... .......... .......... .......... .......... 68% 3.57M 1s
  1050K .......... .......... .......... .......... .......... 71% 2.04M 0s
  1100K .......... .......... .......... .......... .......... 74% 1.04M 0s
  1150K .......... .......... .......... .......... .......... 78% 1.20M 0s
  1200K .......... .......... .......... .......... .......... 81% 1.30M 0s
  1250K .......... .......... .......... .......... .......... 84%  740K 0s
  1300K .......... .......... .......... .......... .......... 87%  635K 0s
  1350K .......... .......... .......... .......... .......... 91%  961K 0s
  1400K .......... .......... .......... .......... .......... 94% 1.07M 0s
  1450K .......... .......... .......... .......... .......... 97%  562K 0s
  1500K .......... .......... .......... ......               100%  561K=1.7s

2026-05-28 14:59:45 (878 KB/s) - ‘mirror/web.engr.oregonstate.edu/~mjb/cs550/Projects/Planets/neptune.bmp’ saved [1572918/1572918]

--2026-05-28 14:59:45--  https://web.engr.oregonstate.edu/~mjb/cs550/Projects/Planets/pluto.bmp
Reusing existing connection to web.engr.oregonstate.edu:443.
HTTP request sent, awaiting response... 200 OK
Length: 1572918 (1.5M) [image/bmp]
Saving to: ‘mirror/web.engr.oregonstate.edu/~mjb/cs550/Projects/Planets/pluto.bmp’

     0K .......... .......... .......... .......... ..........  3%  564K 3s
    50K .......... .......... .......... .......... ..........  6%  623K 2s
   100K .......... .......... .......... .......... ..........  9% 1.09M 2s
   150K .......... .......... .......... .......... .......... 13%  772K 2s
   200K .......... .......... .......... .......... .......... 16%  266K 2s
   250K .......... .......... .......... .......... .......... 19%  369K 2s
   300K .......... .......... .......... .......... .......... 22%  845K 2s
   350K .......... .......... .......... .......... .......... 26% 1.96M 2s
   400K .......... .......... .......... .......... .......... 29%  962K 2s
   450K .......... .......... .......... .......... .......... 32% 1.12M 2s
   500K .......... .......... .......... .......... .......... 35%  558K 2s
   550K .......... .......... .......... .......... .......... 39%  680K 1s
   600K .......... .......... .......... .......... .......... 42%  732K 1s
   650K .......... .......... .......... .......... .......... 45%  863K 1s
   700K .......... .......... .......... .......... .......... 48%  584K 1s
   750K .......... .......... .......... .......... .......... 52% 1.03M 1s
   800K .......... .......... .......... .......... .......... 55% 1.13M 1s
   850K .......... .......... .......... .......... .......... 58% 1.08M 1s
   900K .......... .......... .......... .......... .......... 61% 1.36M 1s
   950K .......... .......... .......... .......... .......... 65%  809K 1s
  1000K .......... .......... .......... .......... .......... 68%  881K 1s
  1050K .......... .......... .......... .......... .......... 71%  988K 1s
  1100K .......... .......... .......... .......... .......... 74%  959K 1s
  1150K .......... .......... .......... .......... .......... 78%  942K 0s
  1200K .......... .......... .......... .......... .......... 81% 12.5M 0s
  1250K .......... .......... .......... .......... .......... 84%  707K 0s
  1300K .......... .......... .......... .......... .......... 87%  450K 0s
  1350K .......... .......... .......... .......... .......... 91%  483K 0s
  1400K .......... .......... .......... .......... .......... 94%  950K 0s
  1450K .......... .......... .......... .......... .......... 97%  507K 0s
  1500K .......... .......... .......... ......               100%  876K=2.1s

2026-05-28 14:59:47 (737 KB/s) - ‘mirror/web.engr.oregonstate.edu/~mjb/cs550/Projects/Planets/pluto.bmp’ saved [1572918/1572918]

--2026-05-28 14:59:47--  https://web.engr.oregonstate.edu/~mjb/cs557/PDFs/Project.Notes.457.557.1pp.pdf
Reusing existing connection to web.engr.oregonstate.edu:443.
HTTP request sent, awaiting response... 404 Not Found
2026-05-28 14:59:47 ERROR 404: Not Found.

FINISHED --2026-05-28 14:59:47--
Total wall clock time: 21s
Downloaded: 10 files, 15M in 20s (764 KB/s)
