2026-05-28 16:41:46 URL:https://web.engr.oregonstate.edu/~mjb/cgeducation/ShadersBookSecond/Source/Others/Hong.village.bmp [786488/786488] -> "mirror/web.engr.oregonstate.edu/~mjb/cgeducation/ShadersBookSecond/Source/Others/Hong.village.bmp" [1]
2026-05-28 16:41:47 URL:https://web.engr.oregonstate.edu/~mjb/cgeducation/ShadersBookSecond/Source/Others/after.bmp [786488/786488] -> "mirror/web.engr.oregonstate.edu/~mjb/cgeducation/ShadersBookSecond/Source/Others/after.bmp" [1]
2026-05-28 16:41:48 URL:https://web.engr.oregonstate.edu/~mjb/cgeducation/ShadersBookSecond/Source/Others/before.bmp [786488/786488] -> "mirror/web.engr.oregonstate.edu/~mjb/cgeducation/ShadersBookSecond/Source/Others/before.bmp" [1]
2026-05-28 16:41:58 URL:https://web.engr.oregonstate.edu/~mjb/cgeducation/ShadersBookSecond/Source/Others/building.shp [8967252/8967252] -> "mirror/web.engr.oregonstate.edu/~mjb/cgeducation/ShadersBookSecond/Source/Others/building.shp" [1]
2026-05-28 16:42:00 URL:https://web.engr.oregonstate.edu/~mjb/cgeducation/ShadersBookSecond/Source/Others/centerline.shp [1587744/1587744] -> "mirror/web.engr.oregonstate.edu/~mjb/cgeducation/ShadersBookSecond/Source/Others/centerline.shp" [1]
2026-05-28 16:42:04 URL:https://web.engr.oregonstate.edu/~mjb/cgeducation/ShadersBookSecond/Source/Others/cherries.bmp [3145782/3145782] -> "mirror/web.engr.oregonstate.edu/~mjb/cgeducation/ShadersBookSecond/Source/Others/cherries.bmp" [1]
2026-05-28 16:42:05 URL:https://web.engr.oregonstate.edu/~mjb/cgeducation/ShadersBookSecond/Source/Others/cow.obj [910475/910475] -> "mirror/web.engr.oregonstate.edu/~mjb/cgeducation/ShadersBookSecond/Source/Others/cow.obj" [1]
2026-05-28 16:42:06 URL:https://web.engr.oregonstate.edu/~mjb/cgeducation/ShadersBookSecond/Source/Others/dino3.obj [600252/600252] -> "mirror/web.engr.oregonstate.edu/~mjb/cgeducation/ShadersBookSecond/Source/Others/dino3.obj" [1]
2026-05-28 16:42:07 URL:https://web.engr.oregonstate.edu/~mjb/cgeducation/ShadersBookSecond/Source/Others/duckyn.obj [1156260/1156260] -> "mirror/web.engr.oregonstate.edu/~mjb/cgeducation/ShadersBookSecond/Source/Others/duckyn.obj" [1]
2026-05-28 16:42:09 URL:https://web.engr.oregonstate.edu/~mjb/cgeducation/ShadersBookSecond/Source/Others/duckyt.obj [2255720/2255720] -> "mirror/web.engr.oregonstate.edu/~mjb/cgeducation/ShadersBookSecond/Source/Others/duckyt.obj" [1]
2026-05-28 16:42:09 URL:https://web.engr.oregonstate.edu/~mjb/cgeducation/ShadersBookSecond/Source/Others/fruit.bmp [786488/786488] -> "mirror/web.engr.oregonstate.edu/~mjb/cgeducation/ShadersBookSecond/Source/Others/fruit.bmp" [1]
2026-05-28 16:42:10 URL:https://web.engr.oregonstate.edu/~mjb/cgeducation/ShadersBookSecond/Source/Others/goes.infrared.bmp [983096/983096] -> "mirror/web.engr.oregonstate.edu/~mjb/cgeducation/ShadersBookSecond/Source/Others/goes.infrared.bmp" [1]
2026-05-28 16:42:10 URL:https://web.engr.oregonstate.edu/~mjb/cgeducation/ShadersBookSecond/Source/Others/goes.visible.bmp [983096/983096] -> "mirror/web.engr.oregonstate.edu/~mjb/cgeducation/ShadersBookSecond/Source/Others/goes.visible.bmp" [1]
2026-05-28 16:42:11 URL:https://web.engr.oregonstate.edu/~mjb/cgeducation/ShadersBookSecond/Source/Others/goes.watervapor.bmp [983096/983096] -> "mirror/web.engr.oregonstate.edu/~mjb/cgeducation/ShadersBookSecond/Source/Others/goes.watervapor.bmp" [1]
2026-05-28 16:42:12 URL:https://web.engr.oregonstate.edu/~mjb/cgeducation/ShadersBookSecond/Source/Others/image.bmp [786488/786488] -> "mirror/web.engr.oregonstate.edu/~mjb/cgeducation/ShadersBookSecond/Source/Others/image.bmp" [1]
2026-05-28 16:42:13 URL:https://web.engr.oregonstate.edu/~mjb/cgeducation/ShadersBookSecond/Source/Others/mask.1024.1024.bmp [3145784/3145784] -> "mirror/web.engr.oregonstate.edu/~mjb/cgeducation/ShadersBookSecond/Source/Others/mask.1024.1024.bmp" [1]
2026-05-28 16:42:13 URL:https://web.engr.oregonstate.edu/~mjb/cgeducation/ShadersBookSecond/Source/Others/noise2d.064.tex [16392/16392] -> "mirror/web.engr.oregonstate.edu/~mjb/cgeducation/ShadersBookSecond/Source/Others/noise2d.064.tex" [1]
2026-05-28 16:42:14 URL:https://web.engr.oregonstate.edu/~mjb/cgeducation/ShadersBookSecond/Source/Others/noise3d.064.tex [1048588/1048588] -> "mirror/web.engr.oregonstate.edu/~mjb/cgeducation/ShadersBookSecond/Source/Others/noise3d.064.tex" [1]
2026-05-28 16:42:20 URL:https://web.engr.oregonstate.edu/~mjb/cgeducation/ShadersBookSecond/Source/Others/noise3d.128.tex [8388620/8388620] -> "mirror/web.engr.oregonstate.edu/~mjb/cgeducation/ShadersBookSecond/Source/Others/noise3d.128.tex" [1]
2026-05-28 16:42:21 URL:https://web.engr.oregonstate.edu/~mjb/cgeducation/ShadersBookSecond/Source/Others/nvnegx.bmp [786488/786488] -> "mirror/web.engr.oregonstate.edu/~mjb/cgeducation/ShadersBookSecond/Source/Others/nvnegx.bmp" [1]
2026-05-28 16:42:21 URL:https://web.engr.oregonstate.edu/~mjb/cgeducation/ShadersBookSecond/Source/Others/nvnegy.bmp [786488/786488] -> "mirror/web.engr.oregonstate.edu/~mjb/cgeducation/ShadersBookSecond/Source/Others/nvnegy.bmp" [1]
2026-05-28 16:42:22 URL:https://web.engr.oregonstate.edu/~mjb/cgeducation/ShadersBookSecond/Source/Others/nvnegz.bmp [786488/786488] -> "mirror/web.engr.oregonstate.edu/~mjb/cgeducation/ShadersBookSecond/Source/Others/nvnegz.bmp" [1]
2026-05-28 16:42:23 URL:https://web.engr.oregonstate.edu/~mjb/cgeducation/ShadersBookSecond/Source/Others/nvposx.bmp [786488/786488] -> "mirror/web.engr.oregonstate.edu/~mjb/cgeducation/ShadersBookSecond/Source/Others/nvposx.bmp" [1]
2026-05-28 16:42:23 URL:https://web.engr.oregonstate.edu/~mjb/cgeducation/ShadersBookSecond/Source/Others/nvposy.bmp [786488/786488] -> "mirror/web.engr.oregonstate.edu/~mjb/cgeducation/ShadersBookSecond/Source/Others/nvposy.bmp" [1]
2026-05-28 16:42:24 URL:https://web.engr.oregonstate.edu/~mjb/cgeducation/ShadersBookSecond/Source/Others/nvposz.bmp [786488/786488] -> "mirror/web.engr.oregonstate.edu/~mjb/cgeducation/ShadersBookSecond/Source/Others/nvposz.bmp" [1]
2026-05-28 16:42:31 URL:https://web.engr.oregonstate.edu/~mjb/cgeducation/ShadersBookSecond/Source/Others/or.big.tex [9322504/9322504] -> "mirror/web.engr.oregonstate.edu/~mjb/cgeducation/ShadersBookSecond/Source/Others/or.big.tex" [1]
2026-05-28 16:43:00 URL:https://web.engr.oregonstate.edu/~mjb/cgeducation/ShadersBookSecond/Source/Others/or.bigger.tex [37748744/37748744] -> "mirror/web.engr.oregonstate.edu/~mjb/cgeducation/ShadersBookSecond/Source/Others/or.bigger.tex" [1]
2026-05-28 16:45:13 URL:https://web.engr.oregonstate.edu/~mjb/cgeducation/ShadersBookSecond/Source/Others/or.biggest.tex [149159944/149159944] -> "mirror/web.engr.oregonstate.edu/~mjb/cgeducation/ShadersBookSecond/Source/Others/or.biggest.tex" [1]
2026-05-28 16:45:13 URL:https://web.engr.oregonstate.edu/~mjb/cgeducation/ShadersBookSecond/Source/Others/parks.shp [83948/83948] -> "mirror/web.engr.oregonstate.edu/~mjb/cgeducation/ShadersBookSecond/Source/Others/parks.shp" [1]
2026-05-28 16:45:15 URL:https://web.engr.oregonstate.edu/~mjb/cgeducation/ShadersBookSecond/Source/Others/random.1024.1024.bmp [3145784/3145784] -> "mirror/web.engr.oregonstate.edu/~mjb/cgeducation/ShadersBookSecond/Source/Others/random.1024.1024.bmp" [1]
2026-05-28 16:45:16 URL:https://web.engr.oregonstate.edu/~mjb/cgeducation/ShadersBookSecond/Source/Others/texture.bmp [196662/196662] -> "mirror/web.engr.oregonstate.edu/~mjb/cgeducation/ShadersBookSecond/Source/Others/texture.bmp" [1]
2026-05-28 16:45:18 URL:https://web.engr.oregonstate.edu/~mjb/cgeducation/ShadersBookSecond/Source/Others/thank-you-mask.1024.1024.bmp [3145784/3145784] -> "mirror/web.engr.oregonstate.edu/~mjb/cgeducation/ShadersBookSecond/Source/Others/thank-you-mask.1024.1024.bmp" [1]
2026-05-28 16:45:19 URL:https://web.engr.oregonstate.edu/~mjb/cgeducation/ShadersBookSecond/Source/Others/worldtex.bmp [1572918/1572918] -> "mirror/web.engr.oregonstate.edu/~mjb/cgeducation/ShadersBookSecond/Source/Others/worldtex.bmp" [1]
https://web.engr.oregonstate.edu/~mjb/cgeducation/ShadersBookSecond/openglstatemachine.pdf:
2026-05-28 16:45:19 ERROR 404: Not Found.
2026-05-28 16:45:23 URL:https://web.engr.oregonstate.edu/~mjb/cs519/Obj/bunny.obj [5213426/5213426] -> "mirror/web.engr.oregonstate.edu/~mjb/cs519/Obj/bunny.obj" [1]
2026-05-28 16:45:27 URL:https://web.engr.oregonstate.edu/~mjb/cs519/Obj/bunny2.obj [5227037/5227037] -> "mirror/web.engr.oregonstate.edu/~mjb/cs519/Obj/bunny2.obj" [1]
2026-05-28 16:45:28 URL:https://web.engr.oregonstate.edu/~mjb/cs519/Obj/car.obj [2254220/2254220] -> "mirror/web.engr.oregonstate.edu/~mjb/cs519/Obj/car.obj" [1]
2026-05-28 16:45:28 URL:https://web.engr.oregonstate.edu/~mjb/cs519/Obj/cat.obj [227790/227790] -> "mirror/web.engr.oregonstate.edu/~mjb/cs519/Obj/cat.obj" [1]
2026-05-28 16:45:33 URL:https://web.engr.oregonstate.edu/~mjb/cs519/Obj/catH.obj [6487796/6487796] -> "mirror/web.engr.oregonstate.edu/~mjb/cs519/Obj/catH.obj" [1]
2026-05-28 16:45:33 URL:https://web.engr.oregonstate.edu/~mjb/cs519/Obj/cow.obj [910475/910475] -> "mirror/web.engr.oregonstate.edu/~mjb/cs519/Obj/cow.obj" [1]
2026-05-28 16:45:33 URL:https://web.engr.oregonstate.edu/~mjb/cs519/Obj/deer.obj [103036/103036] -> "mirror/web.engr.oregonstate.edu/~mjb/cs519/Obj/deer.obj" [1]
2026-05-28 16:45:34 URL:https://web.engr.oregonstate.edu/~mjb/cs519/Obj/dino.obj [600252/600252] -> "mirror/web.engr.oregonstate.edu/~mjb/cs519/Obj/dino.obj" [1]
2026-05-28 16:45:34 URL:https://web.engr.oregonstate.edu/~mjb/cs519/Obj/dog.obj [1196060/1196060] -> "mirror/web.engr.oregonstate.edu/~mjb/cs519/Obj/dog.obj" [1]
2026-05-28 16:45:36 URL:https://web.engr.oregonstate.edu/~mjb/cs519/Obj/ducky.obj [2255720/2255720] -> "mirror/web.engr.oregonstate.edu/~mjb/cs519/Obj/ducky.obj" [1]
2026-05-28 16:45:37 URL:https://web.engr.oregonstate.edu/~mjb/cs519/Obj/face.obj [1074081/1074081] -> "mirror/web.engr.oregonstate.edu/~mjb/cs519/Obj/face.obj" [1]
https://web.engr.oregonstate.edu/~mjb/cs519/Obj/lighting.frag:
2026-05-28 16:45:37 ERROR 403: Forbidden.
https://web.engr.oregonstate.edu/~mjb/cs519/Obj/lighting.geom:
2026-05-28 16:45:37 ERROR 403: Forbidden.
https://web.engr.oregonstate.edu/~mjb/cs519/Obj/lighting.glib:
2026-05-28 16:45:37 ERROR 403: Forbidden.
https://web.engr.oregonstate.edu/~mjb/cs519/Obj/lighting.vert:
2026-05-28 16:45:37 ERROR 403: Forbidden.
2026-05-28 16:45:37 URL:https://web.engr.oregonstate.edu/~mjb/cs519/Obj/pawn.obj [49177/49177] -> "mirror/web.engr.oregonstate.edu/~mjb/cs519/Obj/pawn.obj" [1]
2026-05-28 16:45:37 URL:https://web.engr.oregonstate.edu/~mjb/cs519/Obj/salmon.obj [282410/282410] -> "mirror/web.engr.oregonstate.edu/~mjb/cs519/Obj/salmon.obj" [1]
2026-05-28 16:45:38 URL:https://web.engr.oregonstate.edu/~mjb/cs519/Obj/salmon_high.obj [1535693/1535693] -> "mirror/web.engr.oregonstate.edu/~mjb/cs519/Obj/salmon_high.obj" [1]
2026-05-28 16:45:40 URL:https://web.engr.oregonstate.edu/~mjb/cs519/Obj/skeleton.obj [1522308/1522308] -> "mirror/web.engr.oregonstate.edu/~mjb/cs519/Obj/skeleton.obj" [1]
2026-05-28 16:45:41 URL:https://web.engr.oregonstate.edu/~mjb/cs519/Obj/spaceship.obj [805980/805980] -> "mirror/web.engr.oregonstate.edu/~mjb/cs519/Obj/spaceship.obj" [1]
2026-05-28 16:45:41 URL:https://web.engr.oregonstate.edu/~mjb/cs519/Obj/teapot.obj [263705/263705] -> "mirror/web.engr.oregonstate.edu/~mjb/cs519/Obj/teapot.obj" [1]
2026-05-28 16:45:42 URL:https://web.engr.oregonstate.edu/~mjb/cs519/Obj/vase.obj [671773/671773] -> "mirror/web.engr.oregonstate.edu/~mjb/cs519/Obj/vase.obj" [1]
2026-05-28 16:45:49 URL:https://web.engr.oregonstate.edu/~mjb/cs519/Obj/vase4.obj [6289833/6289833] -> "mirror/web.engr.oregonstate.edu/~mjb/cs519/Obj/vase4.obj" [1]
2026-05-28 16:45:51 URL:https://web.engr.oregonstate.edu/~mjb/cs519/Obj/venusdm.obj [3221966/3221966] -> "mirror/web.engr.oregonstate.edu/~mjb/cs519/Obj/venusdm.obj" [1]
https://web.engr.oregonstate.edu/~mjb/cs519v/openglstatemachine.pdf:
2026-05-28 16:45:51 ERROR 404: Not Found.
https://web.engr.oregonstate.edu/~mjb/cs550/PDFs/SinCos.1pp.pdf:
2026-05-28 16:45:51 ERROR 404: Not Found.
https://web.engr.oregonstate.edu/~mjb/cs550/Handouts/GettingStarted.1pp.pdf:
2026-05-28 16:45:51 ERROR 404: Not Found.
https://web.engr.oregonstate.edu/~mjb/cs550/Handouts/GettingStarted.2pp.pdf:
2026-05-28 16:45:51 ERROR 404: Not Found.
https://web.engr.oregonstate.edu/~mjb/cs550/Handouts/GettingStarted.4pp.pdf:
2026-05-28 16:45:51 ERROR 404: Not Found.
https://web.engr.oregonstate.edu/~mjb/cs550/Handouts/GettingStarted.6pp.pdf:
2026-05-28 16:45:51 ERROR 404: Not Found.
https://web.engr.oregonstate.edu/~mjb/cs553/Handouts/stencilexamples.2pp.pdf:
2026-05-28 16:45:51 ERROR 404: Not Found.
https://web.engr.oregonstate.edu/~mjb/cs557/Obj/lighting.frag:
2026-05-28 16:45:51 ERROR 403: Forbidden.
https://web.engr.oregonstate.edu/~mjb/cs557/Obj/lighting.geom:
2026-05-28 16:45:51 ERROR 403: Forbidden.
https://web.engr.oregonstate.edu/~mjb/cs557/Obj/lighting.glib:
2026-05-28 16:45:51 ERROR 403: Forbidden.
https://web.engr.oregonstate.edu/~mjb/cs557/Obj/lighting.vert:
2026-05-28 16:45:51 ERROR 403: Forbidden.
https://web.engr.oregonstate.edu/~mjb/cs557/PDFs/Project.Notes.457.557.1pp.pdf:
2026-05-28 16:45:51 ERROR 404: Not Found.
https://web.engr.oregonstate.edu/~mjb/cs575/Handouts/Project.Notes.1pp.pdf:
2026-05-28 16:45:51 ERROR 404: Not Found.
2026-05-28 16:45:51 URL:https://web.engr.oregonstate.edu/~mjb/glman/Examples/0StartHere/green.frag [123/123] -> "mirror/web.engr.oregonstate.edu/~mjb/glman/Examples/0StartHere/green.frag" [1]
2026-05-28 16:45:51 URL:https://web.engr.oregonstate.edu/~mjb/glman/Examples/0StartHere/green.glib [611/611] -> "mirror/web.engr.oregonstate.edu/~mjb/glman/Examples/0StartHere/green.glib" [1]
2026-05-28 16:45:51 URL:https://web.engr.oregonstate.edu/~mjb/glman/Examples/0StartHere/green.vert [127/127] -> "mirror/web.engr.oregonstate.edu/~mjb/glman/Examples/0StartHere/green.vert" [1]
2026-05-28 16:45:51 URL:https://web.engr.oregonstate.edu/~mjb/glman/Examples/0StartHere/noise2d.064.tex [16392/16392] -> "mirror/web.engr.oregonstate.edu/~mjb/glman/Examples/0StartHere/noise2d.064.tex" [1]
2026-05-28 16:45:52 URL:https://web.engr.oregonstate.edu/~mjb/glman/Examples/0StartHere/noise3d.064.tex [1048588/1048588] -> "mirror/web.engr.oregonstate.edu/~mjb/glman/Examples/0StartHere/noise3d.064.tex" [1]
2026-05-28 16:45:52 URL:https://web.engr.oregonstate.edu/~mjb/glman/Examples/BumpMap/bumpmap.frag [1199/1199] -> "mirror/web.engr.oregonstate.edu/~mjb/glman/Examples/BumpMap/bumpmap.frag" [1]
2026-05-28 16:45:52 URL:https://web.engr.oregonstate.edu/~mjb/glman/Examples/BumpMap/bumpmap.glib [341/341] -> "mirror/web.engr.oregonstate.edu/~mjb/glman/Examples/BumpMap/bumpmap.glib" [1]
2026-05-28 16:45:52 URL:https://web.engr.oregonstate.edu/~mjb/glman/Examples/BumpMap/bumpmap.vert [1139/1139] -> "mirror/web.engr.oregonstate.edu/~mjb/glman/Examples/BumpMap/bumpmap.vert" [1]
2026-05-28 16:45:52 URL:https://web.engr.oregonstate.edu/~mjb/glman/Examples/BumpMap/bumpnotan.frag [1199/1199] -> "mirror/web.engr.oregonstate.edu/~mjb/glman/Examples/BumpMap/bumpnotan.frag" [1]
2026-05-28 16:45:52 URL:https://web.engr.oregonstate.edu/~mjb/glman/Examples/BumpMap/bumpnotan.glib [338/338] -> "mirror/web.engr.oregonstate.edu/~mjb/glman/Examples/BumpMap/bumpnotan.glib" [1]
2026-05-28 16:45:52 URL:https://web.engr.oregonstate.edu/~mjb/glman/Examples/BumpMap/bumpnotan.vert [1271/1271] -> "mirror/web.engr.oregonstate.edu/~mjb/glman/Examples/BumpMap/bumpnotan.vert" [1]
2026-05-28 16:45:52 URL:https://web.engr.oregonstate.edu/~mjb/glman/Examples/BumpMap/noise2d.064.tex [16392/16392] -> "mirror/web.engr.oregonstate.edu/~mjb/glman/Examples/BumpMap/noise2d.064.tex" [1]
2026-05-28 16:45:53 URL:https://web.engr.oregonstate.edu/~mjb/glman/Examples/BumpMap/noise3d.064.tex [1048588/1048588] -> "mirror/web.engr.oregonstate.edu/~mjb/glman/Examples/BumpMap/noise3d.064.tex" [1]
2026-05-28 16:45:53 URL:https://web.engr.oregonstate.edu/~mjb/glman/Examples/BumpMap/pyrmap.frag [1568/1568] -> "mirror/web.engr.oregonstate.edu/~mjb/glman/Examples/BumpMap/pyrmap.frag" [1]
2026-05-28 16:45:53 URL:https://web.engr.oregonstate.edu/~mjb/glman/Examples/BumpMap/pyrmap.glib [338/338] -> "mirror/web.engr.oregonstate.edu/~mjb/glman/Examples/BumpMap/pyrmap.glib" [1]
2026-05-28 16:45:53 URL:https://web.engr.oregonstate.edu/~mjb/glman/Examples/BumpMap/pyrmap.vert [1139/1139] -> "mirror/web.engr.oregonstate.edu/~mjb/glman/Examples/BumpMap/pyrmap.vert" [1]
2026-05-28 16:45:53 URL:https://web.engr.oregonstate.edu/~mjb/glman/Examples/BumpMap/ripples.frag [1393/1393] -> "mirror/web.engr.oregonstate.edu/~mjb/glman/Examples/BumpMap/ripples.frag" [1]
2026-05-28 16:45:53 URL:https://web.engr.oregonstate.edu/~mjb/glman/Examples/BumpMap/ripples.glib [348/348] -> "mirror/web.engr.oregonstate.edu/~mjb/glman/Examples/BumpMap/ripples.glib" [1]
2026-05-28 16:45:53 URL:https://web.engr.oregonstate.edu/~mjb/glman/Examples/BumpMap/ripples.vert [223/223] -> "mirror/web.engr.oregonstate.edu/~mjb/glman/Examples/BumpMap/ripples.vert" [1]
2026-05-28 16:45:54 URL:https://web.engr.oregonstate.edu/~mjb/glman/Examples/CubeMap/CubeFaceNX.bmp [786488/786488] -> "mirror/web.engr.oregonstate.edu/~mjb/glman/Examples/CubeMap/CubeFaceNX.bmp" [1]
2026-05-28 16:45:54 URL:https://web.engr.oregonstate.edu/~mjb/glman/Examples/CubeMap/CubeFaceNY.bmp [786488/786488] -> "mirror/web.engr.oregonstate.edu/~mjb/glman/Examples/CubeMap/CubeFaceNY.bmp" [1]
2026-05-28 16:45:55 URL:https://web.engr.oregonstate.edu/~mjb/glman/Examples/CubeMap/CubeFaceNZ.bmp [786488/786488] -> "mirror/web.engr.oregonstate.edu/~mjb/glman/Examples/CubeMap/CubeFaceNZ.bmp" [1]
2026-05-28 16:45:55 URL:https://web.engr.oregonstate.edu/~mjb/glman/Examples/CubeMap/CubeFacePX.bmp [786488/786488] -> "mirror/web.engr.oregonstate.edu/~mjb/glman/Examples/CubeMap/CubeFacePX.bmp" [1]
2026-05-28 16:45:56 URL:https://web.engr.oregonstate.edu/~mjb/glman/Examples/CubeMap/CubeFacePY.bmp [786488/786488] -> "mirror/web.engr.oregonstate.edu/~mjb/glman/Examples/CubeMap/CubeFacePY.bmp" [1]
2026-05-28 16:45:57 URL:https://web.engr.oregonstate.edu/~mjb/glman/Examples/CubeMap/CubeFacePZ.bmp [786488/786488] -> "mirror/web.engr.oregonstate.edu/~mjb/glman/Examples/CubeMap/CubeFacePZ.bmp" [1]
2026-05-28 16:45:57 URL:https://web.engr.oregonstate.edu/~mjb/glman/Examples/CubeMap/brickcube.frag [2359/2359] -> "mirror/web.engr.oregonstate.edu/~mjb/glman/Examples/CubeMap/brickcube.frag" [1]
2026-05-28 16:45:57 URL:https://web.engr.oregonstate.edu/~mjb/glman/Examples/CubeMap/brickcube.glib [708/708] -> "mirror/web.engr.oregonstate.edu/~mjb/glman/Examples/CubeMap/brickcube.glib" [1]
2026-05-28 16:45:57 URL:https://web.engr.oregonstate.edu/~mjb/glman/Examples/CubeMap/brickcube.vert [287/287] -> "mirror/web.engr.oregonstate.edu/~mjb/glman/Examples/CubeMap/brickcube.vert" [1]
2026-05-28 16:45:57 URL:https://web.engr.oregonstate.edu/~mjb/glman/Examples/CubeMap/cube.frag [258/258] -> "mirror/web.engr.oregonstate.edu/~mjb/glman/Examples/CubeMap/cube.frag" [1]
2026-05-28 16:45:57 URL:https://web.engr.oregonstate.edu/~mjb/glman/Examples/CubeMap/cube.vert [683/683] -> "mirror/web.engr.oregonstate.edu/~mjb/glman/Examples/CubeMap/cube.vert" [1]
2026-05-28 16:45:57 URL:https://web.engr.oregonstate.edu/~mjb/glman/Examples/CubeMap/lens.frag [236/236] -> "mirror/web.engr.oregonstate.edu/~mjb/glman/Examples/CubeMap/lens.frag" [1]
2026-05-28 16:45:57 URL:https://web.engr.oregonstate.edu/~mjb/glman/Examples/CubeMap/lens.glib [586/586] -> "mirror/web.engr.oregonstate.edu/~mjb/glman/Examples/CubeMap/lens.glib" [1]
2026-05-28 16:45:57 URL:https://web.engr.oregonstate.edu/~mjb/glman/Examples/CubeMap/lens.vert [836/836] -> "mirror/web.engr.oregonstate.edu/~mjb/glman/Examples/CubeMap/lens.vert" [1]
2026-05-28 16:45:57 URL:https://web.engr.oregonstate.edu/~mjb/glman/Examples/CubeMap/nvlobby_all6.jpg [12376/12376] -> "mirror/web.engr.oregonstate.edu/~mjb/glman/Examples/CubeMap/nvlobby_all6.jpg" [1]
2026-05-28 16:45:57 URL:https://web.engr.oregonstate.edu/~mjb/glman/Examples/CubeMap/nvnegx.bmp [786488/786488] -> "mirror/web.engr.oregonstate.edu/~mjb/glman/Examples/CubeMap/nvnegx.bmp" [1]
2026-05-28 16:45:58 URL:https://web.engr.oregonstate.edu/~mjb/glman/Examples/CubeMap/nvnegy.bmp [786488/786488] -> "mirror/web.engr.oregonstate.edu/~mjb/glman/Examples/CubeMap/nvnegy.bmp" [1]
2026-05-28 16:45:58 URL:https://web.engr.oregonstate.edu/~mjb/glman/Examples/CubeMap/nvnegz.bmp [786488/786488] -> "mirror/web.engr.oregonstate.edu/~mjb/glman/Examples/CubeMap/nvnegz.bmp" [1]
2026-05-28 16:45:59 URL:https://web.engr.oregonstate.edu/~mjb/glman/Examples/CubeMap/nvposx.bmp [786488/786488] -> "mirror/web.engr.oregonstate.edu/~mjb/glman/Examples/CubeMap/nvposx.bmp" [1]
2026-05-28 16:45:59 URL:https://web.engr.oregonstate.edu/~mjb/glman/Examples/CubeMap/nvposy.bmp [786488/786488] -> "mirror/web.engr.oregonstate.edu/~mjb/glman/Examples/CubeMap/nvposy.bmp" [1]
2026-05-28 16:46:00 URL:https://web.engr.oregonstate.edu/~mjb/glman/Examples/CubeMap/nvposz.bmp [786488/786488] -> "mirror/web.engr.oregonstate.edu/~mjb/glman/Examples/CubeMap/nvposz.bmp" [1]
2026-05-28 16:46:00 URL:https://web.engr.oregonstate.edu/~mjb/glman/Examples/CubeMap/reflect.frag [206/206] -> "mirror/web.engr.oregonstate.edu/~mjb/glman/Examples/CubeMap/reflect.frag" [1]
2026-05-28 16:46:00 URL:https://web.engr.oregonstate.edu/~mjb/glman/Examples/CubeMap/reflect.glib [642/642] -> "mirror/web.engr.oregonstate.edu/~mjb/glman/Examples/CubeMap/reflect.glib" [1]
2026-05-28 16:46:00 URL:https://web.engr.oregonstate.edu/~mjb/glman/Examples/CubeMap/reflect.vert [1003/1003] -> "mirror/web.engr.oregonstate.edu/~mjb/glman/Examples/CubeMap/reflect.vert" [1]
2026-05-28 16:46:00 URL:https://web.engr.oregonstate.edu/~mjb/glman/Examples/CubeMap/refract.frag [475/475] -> "mirror/web.engr.oregonstate.edu/~mjb/glman/Examples/CubeMap/refract.frag" [1]
2026-05-28 16:46:00 URL:https://web.engr.oregonstate.edu/~mjb/glman/Examples/CubeMap/refract.glib [687/687] -> "mirror/web.engr.oregonstate.edu/~mjb/glman/Examples/CubeMap/refract.glib" [1]
2026-05-28 16:46:00 URL:https://web.engr.oregonstate.edu/~mjb/glman/Examples/CubeMap/refract.vert [796/796] -> "mirror/web.engr.oregonstate.edu/~mjb/glman/Examples/CubeMap/refract.vert" [1]
2026-05-28 16:46:00 URL:https://web.engr.oregonstate.edu/~mjb/glman/Examples/CubeMap/ripplescube.frag [1328/1328] -> "mirror/web.engr.oregonstate.edu/~mjb/glman/Examples/CubeMap/ripplescube.frag" [1]
2026-05-28 16:46:00 URL:https://web.engr.oregonstate.edu/~mjb/glman/Examples/CubeMap/ripplescube.glib [667/667] -> "mirror/web.engr.oregonstate.edu/~mjb/glman/Examples/CubeMap/ripplescube.glib" [1]
2026-05-28 16:46:00 URL:https://web.engr.oregonstate.edu/~mjb/glman/Examples/CubeMap/ripplescube.vert [287/287] -> "mirror/web.engr.oregonstate.edu/~mjb/glman/Examples/CubeMap/ripplescube.vert" [1]
2026-05-28 16:46:00 URL:https://web.engr.oregonstate.edu/~mjb/glman/Examples/CubeMap/ripplescube2.frag [1417/1417] -> "mirror/web.engr.oregonstate.edu/~mjb/glman/Examples/CubeMap/ripplescube2.frag" [1]
2026-05-28 16:46:00 URL:https://web.engr.oregonstate.edu/~mjb/glman/Examples/CubeMap/ripplescube2.glib [670/670] -> "mirror/web.engr.oregonstate.edu/~mjb/glman/Examples/CubeMap/ripplescube2.glib" [1]
2026-05-28 16:46:00 URL:https://web.engr.oregonstate.edu/~mjb/glman/Examples/CubeMap/ripplescube2.vert [287/287] -> "mirror/web.engr.oregonstate.edu/~mjb/glman/Examples/CubeMap/ripplescube2.vert" [1]
2026-05-28 16:46:00 URL:https://web.engr.oregonstate.edu/~mjb/glman/Examples/CubeMap/ripplescubev.frag [192/192] -> "mirror/web.engr.oregonstate.edu/~mjb/glman/Examples/CubeMap/ripplescubev.frag" [1]
2026-05-28 16:46:00 URL:https://web.engr.oregonstate.edu/~mjb/glman/Examples/CubeMap/ripplescubev.glib [678/678] -> "mirror/web.engr.oregonstate.edu/~mjb/glman/Examples/CubeMap/ripplescubev.glib" [1]
2026-05-28 16:46:00 URL:https://web.engr.oregonstate.edu/~mjb/glman/Examples/CubeMap/ripplescubev.vert [1191/1191] -> "mirror/web.engr.oregonstate.edu/~mjb/glman/Examples/CubeMap/ripplescubev.vert" [1]
2026-05-28 16:46:00 URL:https://web.engr.oregonstate.edu/~mjb/glman/Examples/CubeMap/texture.bmp [196662/196662] -> "mirror/web.engr.oregonstate.edu/~mjb/glman/Examples/CubeMap/texture.bmp" [1]
2026-05-28 16:46:00 URL:https://web.engr.oregonstate.edu/~mjb/glman/Examples/CubeMap/texture.frag [153/153] -> "mirror/web.engr.oregonstate.edu/~mjb/glman/Examples/CubeMap/texture.frag" [1]
2026-05-28 16:46:00 URL:https://web.engr.oregonstate.edu/~mjb/glman/Examples/CubeMap/texture.glib [172/172] -> "mirror/web.engr.oregonstate.edu/~mjb/glman/Examples/CubeMap/texture.glib" [1]
2026-05-28 16:46:00 URL:https://web.engr.oregonstate.edu/~mjb/glman/Examples/CubeMap/texture.vert [182/182] -> "mirror/web.engr.oregonstate.edu/~mjb/glman/Examples/CubeMap/texture.vert" [1]
2026-05-28 16:46:00 URL:https://web.engr.oregonstate.edu/~mjb/glman/Examples/CubeMap/texturemult.frag [183/183] -> "mirror/web.engr.oregonstate.edu/~mjb/glman/Examples/CubeMap/texturemult.frag" [1]
2026-05-28 16:46:00 URL:https://web.engr.oregonstate.edu/~mjb/glman/Examples/CubeMap/wall.frag [358/358] -> "mirror/web.engr.oregonstate.edu/~mjb/glman/Examples/CubeMap/wall.frag" [1]
2026-05-28 16:46:00 URL:https://web.engr.oregonstate.edu/~mjb/glman/Examples/CubeMap/wall.vert [683/683] -> "mirror/web.engr.oregonstate.edu/~mjb/glman/Examples/CubeMap/wall.vert" [1]
2026-05-28 16:46:00 URL:https://web.engr.oregonstate.edu/~mjb/glman/Examples/CubeMap/world.frag [195/195] -> "mirror/web.engr.oregonstate.edu/~mjb/glman/Examples/CubeMap/world.frag" [1]
2026-05-28 16:46:00 URL:https://web.engr.oregonstate.edu/~mjb/glman/Examples/CubeMap/world.glib [269/269] -> "mirror/web.engr.oregonstate.edu/~mjb/glman/Examples/CubeMap/world.glib" [1]
2026-05-28 16:46:00 URL:https://web.engr.oregonstate.edu/~mjb/glman/Examples/CubeMap/world.vert [553/553] -> "mirror/web.engr.oregonstate.edu/~mjb/glman/Examples/CubeMap/world.vert" [1]
2026-05-28 16:46:01 URL:https://web.engr.oregonstate.edu/~mjb/glman/Examples/CubeMap/world512512.bmp [786488/786488] -> "mirror/web.engr.oregonstate.edu/~mjb/glman/Examples/CubeMap/world512512.bmp" [1]
2026-05-28 16:46:01 URL:https://web.engr.oregonstate.edu/~mjb/glman/Examples/Discard/badscreen.frag [381/381] -> "mirror/web.engr.oregonstate.edu/~mjb/glman/Examples/Discard/badscreen.frag" [1]
2026-05-28 16:46:01 URL:https://web.engr.oregonstate.edu/~mjb/glman/Examples/Discard/badscreen.glib [178/178] -> "mirror/web.engr.oregonstate.edu/~mjb/glman/Examples/Discard/badscreen.glib" [1]
2026-05-28 16:46:01 URL:https://web.engr.oregonstate.edu/~mjb/glman/Examples/Discard/badscreen.vert [543/543] -> "mirror/web.engr.oregonstate.edu/~mjb/glman/Examples/Discard/badscreen.vert" [1]
2026-05-28 16:46:01 URL:https://web.engr.oregonstate.edu/~mjb/glman/Examples/Discard/noise2d.064.tex [16392/16392] -> "mirror/web.engr.oregonstate.edu/~mjb/glman/Examples/Discard/noise2d.064.tex" [1]
2026-05-28 16:46:01 URL:https://web.engr.oregonstate.edu/~mjb/glman/Examples/Discard/noise3d.064.tex [1048588/1048588] -> "mirror/web.engr.oregonstate.edu/~mjb/glman/Examples/Discard/noise3d.064.tex" [1]
2026-05-28 16:46:01 URL:https://web.engr.oregonstate.edu/~mjb/glman/Examples/Discard/screen.frag [356/356] -> "mirror/web.engr.oregonstate.edu/~mjb/glman/Examples/Discard/screen.frag" [1]
2026-05-28 16:46:01 URL:https://web.engr.oregonstate.edu/~mjb/glman/Examples/Discard/screen.glib [167/167] -> "mirror/web.engr.oregonstate.edu/~mjb/glman/Examples/Discard/screen.glib" [1]
2026-05-28 16:46:01 URL:https://web.engr.oregonstate.edu/~mjb/glman/Examples/Discard/screen.vert [543/543] -> "mirror/web.engr.oregonstate.edu/~mjb/glman/Examples/Discard/screen.vert" [1]
2026-05-28 16:46:01 URL:https://web.engr.oregonstate.edu/~mjb/glman/Examples/Disco/disco.frag [1425/1425] -> "mirror/web.engr.oregonstate.edu/~mjb/glman/Examples/Disco/disco.frag" [1]
2026-05-28 16:46:01 URL:https://web.engr.oregonstate.edu/~mjb/glman/Examples/Disco/disco.glib [467/467] -> "mirror/web.engr.oregonstate.edu/~mjb/glman/Examples/Disco/disco.glib" [1]
2026-05-28 16:46:01 URL:https://web.engr.oregonstate.edu/~mjb/glman/Examples/Disco/disco.vert [579/579] -> "mirror/web.engr.oregonstate.edu/~mjb/glman/Examples/Disco/disco.vert" [1]
2026-05-28 16:46:02 URL:https://web.engr.oregonstate.edu/~mjb/glman/Examples/Disco/noise2d.064.tex [16392/16392] -> "mirror/web.engr.oregonstate.edu/~mjb/glman/Examples/Disco/noise2d.064.tex" [1]
2026-05-28 16:46:02 URL:https://web.engr.oregonstate.edu/~mjb/glman/Examples/Disco/noise3d.064.tex [1048588/1048588] -> "mirror/web.engr.oregonstate.edu/~mjb/glman/Examples/Disco/noise3d.064.tex" [1]
2026-05-28 16:46:02 URL:https://web.engr.oregonstate.edu/~mjb/glman/Examples/DotsAndStripes/dots.frag [768/768] -> "mirror/web.engr.oregonstate.edu/~mjb/glman/Examples/DotsAndStripes/dots.frag" [1]
2026-05-28 16:46:02 URL:https://web.engr.oregonstate.edu/~mjb/glman/Examples/DotsAndStripes/dots.glib [234/234] -> "mirror/web.engr.oregonstate.edu/~mjb/glman/Examples/DotsAndStripes/dots.glib" [1]
2026-05-28 16:46:02 URL:https://web.engr.oregonstate.edu/~mjb/glman/Examples/DotsAndStripes/dots.vert [481/481] -> "mirror/web.engr.oregonstate.edu/~mjb/glman/Examples/DotsAndStripes/dots.vert" [1]
2026-05-28 16:46:02 URL:https://web.engr.oregonstate.edu/~mjb/glman/Examples/DotsAndStripes/noise2d.064.tex [16392/16392] -> "mirror/web.engr.oregonstate.edu/~mjb/glman/Examples/DotsAndStripes/noise2d.064.tex" [1]
2026-05-28 16:46:03 URL:https://web.engr.oregonstate.edu/~mjb/glman/Examples/DotsAndStripes/noise3d.064.tex [1048588/1048588] -> "mirror/web.engr.oregonstate.edu/~mjb/glman/Examples/DotsAndStripes/noise3d.064.tex" [1]
2026-05-28 16:46:09 URL:https://web.engr.oregonstate.edu/~mjb/glman/Examples/DotsAndStripes/noise3d.128.tex [8388620/8388620] -> "mirror/web.engr.oregonstate.edu/~mjb/glman/Examples/DotsAndStripes/noise3d.128.tex" [1]
2026-05-28 16:46:09 URL:https://web.engr.oregonstate.edu/~mjb/glman/Examples/DotsAndStripes/rainbow.frag [2412/2412] -> "mirror/web.engr.oregonstate.edu/~mjb/glman/Examples/DotsAndStripes/rainbow.frag" [1]
2026-05-28 16:46:09 URL:https://web.engr.oregonstate.edu/~mjb/glman/Examples/DotsAndStripes/rainbow.glib [181/181] -> "mirror/web.engr.oregonstate.edu/~mjb/glman/Examples/DotsAndStripes/rainbow.glib" [1]
2026-05-28 16:46:09 URL:https://web.engr.oregonstate.edu/~mjb/glman/Examples/DotsAndStripes/rainbow.vert [486/486] -> "mirror/web.engr.oregonstate.edu/~mjb/glman/Examples/DotsAndStripes/rainbow.vert" [1]
2026-05-28 16:46:09 URL:https://web.engr.oregonstate.edu/~mjb/glman/Examples/DotsAndStripes/rainbowtimer.frag [2476/2476] -> "mirror/web.engr.oregonstate.edu/~mjb/glman/Examples/DotsAndStripes/rainbowtimer.frag" [1]
2026-05-28 16:46:09 URL:https://web.engr.oregonstate.edu/~mjb/glman/Examples/DotsAndStripes/rainbowtimer.glib [231/231] -> "mirror/web.engr.oregonstate.edu/~mjb/glman/Examples/DotsAndStripes/rainbowtimer.glib" [1]
2026-05-28 16:46:09 URL:https://web.engr.oregonstate.edu/~mjb/glman/Examples/DotsAndStripes/rainbowtimer.vert [547/547] -> "mirror/web.engr.oregonstate.edu/~mjb/glman/Examples/DotsAndStripes/rainbowtimer.vert" [1]
2026-05-28 16:46:09 URL:https://web.engr.oregonstate.edu/~mjb/glman/Examples/DotsAndStripes/stripesEC.frag [402/402] -> "mirror/web.engr.oregonstate.edu/~mjb/glman/Examples/DotsAndStripes/stripesEC.frag" [1]
2026-05-28 16:46:09 URL:https://web.engr.oregonstate.edu/~mjb/glman/Examples/DotsAndStripes/stripesEC.glib [540/540] -> "mirror/web.engr.oregonstate.edu/~mjb/glman/Examples/DotsAndStripes/stripesEC.glib" [1]
2026-05-28 16:46:09 URL:https://web.engr.oregonstate.edu/~mjb/glman/Examples/DotsAndStripes/stripesEC.vert [521/521] -> "mirror/web.engr.oregonstate.edu/~mjb/glman/Examples/DotsAndStripes/stripesEC.vert" [1]
2026-05-28 16:46:09 URL:https://web.engr.oregonstate.edu/~mjb/glman/Examples/DotsAndStripes/stripesMC.frag [402/402] -> "mirror/web.engr.oregonstate.edu/~mjb/glman/Examples/DotsAndStripes/stripesMC.frag" [1]
2026-05-28 16:46:09 URL:https://web.engr.oregonstate.edu/~mjb/glman/Examples/DotsAndStripes/stripesMC.glib [540/540] -> "mirror/web.engr.oregonstate.edu/~mjb/glman/Examples/DotsAndStripes/stripesMC.glib" [1]
2026-05-28 16:46:09 URL:https://web.engr.oregonstate.edu/~mjb/glman/Examples/DotsAndStripes/stripesMC.vert [560/560] -> "mirror/web.engr.oregonstate.edu/~mjb/glman/Examples/DotsAndStripes/stripesMC.vert" [1]
2026-05-28 16:46:09 URL:https://web.engr.oregonstate.edu/~mjb/glman/Examples/DotsAndStripes/stripesnoise.frag [660/660] -> "mirror/web.engr.oregonstate.edu/~mjb/glman/Examples/DotsAndStripes/stripesnoise.frag" [1]
2026-05-28 16:46:09 URL:https://web.engr.oregonstate.edu/~mjb/glman/Examples/DotsAndStripes/stripesnoise.glib [625/625] -> "mirror/web.engr.oregonstate.edu/~mjb/glman/Examples/DotsAndStripes/stripesnoise.glib" [1]
2026-05-28 16:46:09 URL:https://web.engr.oregonstate.edu/~mjb/glman/Examples/DotsAndStripes/stripesnoise.vert [588/588] -> "mirror/web.engr.oregonstate.edu/~mjb/glman/Examples/DotsAndStripes/stripesnoise.vert" [1]
2026-05-28 16:46:10 URL:https://web.engr.oregonstate.edu/~mjb/glman/Examples/Geometry/cow.obj [910475/910475] -> "mirror/web.engr.oregonstate.edu/~mjb/glman/Examples/Geometry/cow.obj" [1]
2026-05-28 16:46:10 URL:https://web.engr.oregonstate.edu/~mjb/glman/Examples/Geometry/errorlog.txt [455/455] -> "mirror/web.engr.oregonstate.edu/~mjb/glman/Examples/Geometry/errorlog.txt" [1]
2026-05-28 16:46:10 URL:https://web.engr.oregonstate.edu/~mjb/glman/Examples/Geometry/geomtest2.frag [63/63] -> "mirror/web.engr.oregonstate.edu/~mjb/glman/Examples/Geometry/geomtest2.frag" [1]
2026-05-28 16:46:10 URL:https://web.engr.oregonstate.edu/~mjb/glman/Examples/Geometry/geomtest2.geom [593/593] -> "mirror/web.engr.oregonstate.edu/~mjb/glman/Examples/Geometry/geomtest2.geom" [1]
2026-05-28 16:46:10 URL:https://web.engr.oregonstate.edu/~mjb/glman/Examples/Geometry/geomtest2.glib [295/295] -> "mirror/web.engr.oregonstate.edu/~mjb/glman/Examples/Geometry/geomtest2.glib" [1]
2026-05-28 16:46:10 URL:https://web.engr.oregonstate.edu/~mjb/glman/Examples/Geometry/geomtest2.vert [76/76] -> "mirror/web.engr.oregonstate.edu/~mjb/glman/Examples/Geometry/geomtest2.vert" [1]
2026-05-28 16:46:10 URL:https://web.engr.oregonstate.edu/~mjb/glman/Examples/Geometry/pawn.obj [49177/49177] -> "mirror/web.engr.oregonstate.edu/~mjb/glman/Examples/Geometry/pawn.obj" [1]
2026-05-28 16:46:10 URL:https://web.engr.oregonstate.edu/~mjb/glman/Examples/Geometry/silh.frag [107/107] -> "mirror/web.engr.oregonstate.edu/~mjb/glman/Examples/Geometry/silh.frag" [1]
2026-05-28 16:46:10 URL:https://web.engr.oregonstate.edu/~mjb/glman/Examples/Geometry/silh.geom [1579/1579] -> "mirror/web.engr.oregonstate.edu/~mjb/glman/Examples/Geometry/silh.geom" [1]
2026-05-28 16:46:10 URL:https://web.engr.oregonstate.edu/~mjb/glman/Examples/Geometry/silh.glib [277/277] -> "mirror/web.engr.oregonstate.edu/~mjb/glman/Examples/Geometry/silh.glib" [1]
2026-05-28 16:46:10 URL:https://web.engr.oregonstate.edu/~mjb/glman/Examples/Geometry/silh.vert [134/134] -> "mirror/web.engr.oregonstate.edu/~mjb/glman/Examples/Geometry/silh.vert" [1]
2026-05-28 16:46:11 URL:https://web.engr.oregonstate.edu/~mjb/glman/Examples/Geometry/skeleton.obj [1522308/1522308] -> "mirror/web.engr.oregonstate.edu/~mjb/glman/Examples/Geometry/skeleton.obj" [1]
2026-05-28 16:46:11 URL:https://web.engr.oregonstate.edu/~mjb/glman/Examples/Geometry/spheresubd.frag [123/123] -> "mirror/web.engr.oregonstate.edu/~mjb/glman/Examples/Geometry/spheresubd.frag" [1]
2026-05-28 16:46:11 URL:https://web.engr.oregonstate.edu/~mjb/glman/Examples/Geometry/spheresubd.geom [1572/1572] -> "mirror/web.engr.oregonstate.edu/~mjb/glman/Examples/Geometry/spheresubd.geom" [1]
2026-05-28 16:46:11 URL:https://web.engr.oregonstate.edu/~mjb/glman/Examples/Geometry/spheresubd.glib [668/668] -> "mirror/web.engr.oregonstate.edu/~mjb/glman/Examples/Geometry/spheresubd.glib" [1]
2026-05-28 16:46:11 URL:https://web.engr.oregonstate.edu/~mjb/glman/Examples/Geometry/spheresubd.vert [46/46] -> "mirror/web.engr.oregonstate.edu/~mjb/glman/Examples/Geometry/spheresubd.vert" [1]
2026-05-28 16:46:11 URL:https://web.engr.oregonstate.edu/~mjb/glman/Examples/Image/after.bmp [786488/786488] -> "mirror/web.engr.oregonstate.edu/~mjb/glman/Examples/Image/after.bmp" [1]
2026-05-28 16:46:12 URL:https://web.engr.oregonstate.edu/~mjb/glman/Examples/Image/before.bmp [786488/786488] -> "mirror/web.engr.oregonstate.edu/~mjb/glman/Examples/Image/before.bmp" [1]
2026-05-28 16:46:13 URL:https://web.engr.oregonstate.edu/~mjb/glman/Examples/Image/image.bmp [786488/786488] -> "mirror/web.engr.oregonstate.edu/~mjb/glman/Examples/Image/image.bmp" [1]
2026-05-28 16:46:13 URL:https://web.engr.oregonstate.edu/~mjb/glman/Examples/Image/image.frag [4855/4855] -> "mirror/web.engr.oregonstate.edu/~mjb/glman/Examples/Image/image.frag" [1]
2026-05-28 16:46:13 URL:https://web.engr.oregonstate.edu/~mjb/glman/Examples/Image/image.glib [478/478] -> "mirror/web.engr.oregonstate.edu/~mjb/glman/Examples/Image/image.glib" [1]
2026-05-28 16:46:13 URL:https://web.engr.oregonstate.edu/~mjb/glman/Examples/Image/image.vert [115/115] -> "mirror/web.engr.oregonstate.edu/~mjb/glman/Examples/Image/image.vert" [1]
2026-05-28 16:46:13 URL:https://web.engr.oregonstate.edu/~mjb/glman/Examples/Image/julia.frag [884/884] -> "mirror/web.engr.oregonstate.edu/~mjb/glman/Examples/Image/julia.frag" [1]
2026-05-28 16:46:13 URL:https://web.engr.oregonstate.edu/~mjb/glman/Examples/Image/julia.glib [360/360] -> "mirror/web.engr.oregonstate.edu/~mjb/glman/Examples/Image/julia.glib" [1]
2026-05-28 16:46:13 URL:https://web.engr.oregonstate.edu/~mjb/glman/Examples/Image/julia.vert [522/522] -> "mirror/web.engr.oregonstate.edu/~mjb/glman/Examples/Image/julia.vert" [1]
2026-05-28 16:46:14 URL:https://web.engr.oregonstate.edu/~mjb/glman/Examples/Image/kec.bmp [2359350/2359350] -> "mirror/web.engr.oregonstate.edu/~mjb/glman/Examples/Image/kec.bmp" [1]
2026-05-28 16:46:14 URL:https://web.engr.oregonstate.edu/~mjb/glman/Examples/Image/kec.frag [314/314] -> "mirror/web.engr.oregonstate.edu/~mjb/glman/Examples/Image/kec.frag" [1]
2026-05-28 16:46:14 URL:https://web.engr.oregonstate.edu/~mjb/glman/Examples/Image/kec.glib [232/232] -> "mirror/web.engr.oregonstate.edu/~mjb/glman/Examples/Image/kec.glib" [1]
2026-05-28 16:46:14 URL:https://web.engr.oregonstate.edu/~mjb/glman/Examples/Image/kec.vert [116/116] -> "mirror/web.engr.oregonstate.edu/~mjb/glman/Examples/Image/kec.vert" [1]
2026-05-28 16:46:14 URL:https://web.engr.oregonstate.edu/~mjb/glman/Examples/Image/mandel.frag [903/903] -> "mirror/web.engr.oregonstate.edu/~mjb/glman/Examples/Image/mandel.frag" [1]
2026-05-28 16:46:14 URL:https://web.engr.oregonstate.edu/~mjb/glman/Examples/Image/mandel.glib [312/312] -> "mirror/web.engr.oregonstate.edu/~mjb/glman/Examples/Image/mandel.glib" [1]
2026-05-28 16:46:14 URL:https://web.engr.oregonstate.edu/~mjb/glman/Examples/Image/mandel.vert [522/522] -> "mirror/web.engr.oregonstate.edu/~mjb/glman/Examples/Image/mandel.vert" [1]
2026-05-28 16:46:14 URL:https://web.engr.oregonstate.edu/~mjb/glman/Examples/Image/neg.frag [233/233] -> "mirror/web.engr.oregonstate.edu/~mjb/glman/Examples/Image/neg.frag" [1]
2026-05-28 16:46:14 URL:https://web.engr.oregonstate.edu/~mjb/glman/Examples/Image/neg.glib [177/177] -> "mirror/web.engr.oregonstate.edu/~mjb/glman/Examples/Image/neg.glib" [1]
2026-05-28 16:46:14 URL:https://web.engr.oregonstate.edu/~mjb/glman/Examples/Image/neg.vert [115/115] -> "mirror/web.engr.oregonstate.edu/~mjb/glman/Examples/Image/neg.vert" [1]
2026-05-28 16:46:14 URL:https://web.engr.oregonstate.edu/~mjb/glman/Examples/Image/noise2d.064.tex [16392/16392] -> "mirror/web.engr.oregonstate.edu/~mjb/glman/Examples/Image/noise2d.064.tex" [1]
2026-05-28 16:46:15 URL:https://web.engr.oregonstate.edu/~mjb/glman/Examples/Image/noise3d.064.tex [1048588/1048588] -> "mirror/web.engr.oregonstate.edu/~mjb/glman/Examples/Image/noise3d.064.tex" [1]
2026-05-28 16:46:15 URL:https://web.engr.oregonstate.edu/~mjb/glman/Examples/Image/vanish.frag [690/690] -> "mirror/web.engr.oregonstate.edu/~mjb/glman/Examples/Image/vanish.frag" [1]
2026-05-28 16:46:15 URL:https://web.engr.oregonstate.edu/~mjb/glman/Examples/Image/vanish.glib [266/266] -> "mirror/web.engr.oregonstate.edu/~mjb/glman/Examples/Image/vanish.glib" [1]
2026-05-28 16:46:15 URL:https://web.engr.oregonstate.edu/~mjb/glman/Examples/Image/vanish.vert [485/485] -> "mirror/web.engr.oregonstate.edu/~mjb/glman/Examples/Image/vanish.vert" [1]
2026-05-28 16:46:16 URL:https://web.engr.oregonstate.edu/~mjb/glman/Examples/Image/vert.bmp [1678374/1678374] -> "mirror/web.engr.oregonstate.edu/~mjb/glman/Examples/Image/vert.bmp" [1]
2026-05-28 16:46:16 URL:https://web.engr.oregonstate.edu/~mjb/glman/Examples/Noise/cloud.frag [479/479] -> "mirror/web.engr.oregonstate.edu/~mjb/glman/Examples/Noise/cloud.frag" [1]
2026-05-28 16:46:16 URL:https://web.engr.oregonstate.edu/~mjb/glman/Examples/Noise/cloud.glib [231/231] -> "mirror/web.engr.oregonstate.edu/~mjb/glman/Examples/Noise/cloud.glib" [1]
2026-05-28 16:46:16 URL:https://web.engr.oregonstate.edu/~mjb/glman/Examples/Noise/cloud.vert [525/525] -> "mirror/web.engr.oregonstate.edu/~mjb/glman/Examples/Noise/cloud.vert" [1]
2026-05-28 16:46:16 URL:https://web.engr.oregonstate.edu/~mjb/glman/Examples/Noise/eroded.frag [656/656] -> "mirror/web.engr.oregonstate.edu/~mjb/glman/Examples/Noise/eroded.frag" [1]
2026-05-28 16:46:16 URL:https://web.engr.oregonstate.edu/~mjb/glman/Examples/Noise/eroded.glib [189/189] -> "mirror/web.engr.oregonstate.edu/~mjb/glman/Examples/Noise/eroded.glib" [1]
2026-05-28 16:46:16 URL:https://web.engr.oregonstate.edu/~mjb/glman/Examples/Noise/eroded.vert [542/542] -> "mirror/web.engr.oregonstate.edu/~mjb/glman/Examples/Noise/eroded.vert" [1]
2026-05-28 16:46:16 URL:https://web.engr.oregonstate.edu/~mjb/glman/Examples/Noise/fire.frag [627/627] -> "mirror/web.engr.oregonstate.edu/~mjb/glman/Examples/Noise/fire.frag" [1]
2026-05-28 16:46:16 URL:https://web.engr.oregonstate.edu/~mjb/glman/Examples/Noise/fire.glib [224/224] -> "mirror/web.engr.oregonstate.edu/~mjb/glman/Examples/Noise/fire.glib" [1]
2026-05-28 16:46:16 URL:https://web.engr.oregonstate.edu/~mjb/glman/Examples/Noise/fire.vert [476/476] -> "mirror/web.engr.oregonstate.edu/~mjb/glman/Examples/Noise/fire.vert" [1]
2026-05-28 16:46:16 URL:https://web.engr.oregonstate.edu/~mjb/glman/Examples/Noise/noise2d.064.tex [16392/16392] -> "mirror/web.engr.oregonstate.edu/~mjb/glman/Examples/Noise/noise2d.064.tex" [1]
2026-05-28 16:46:23 URL:https://web.engr.oregonstate.edu/~mjb/glman/Examples/Noise/noise3d.128.tex [8388620/8388620] -> "mirror/web.engr.oregonstate.edu/~mjb/glman/Examples/Noise/noise3d.128.tex" [1]
2026-05-28 16:46:23 URL:https://web.engr.oregonstate.edu/~mjb/glman/Examples/Noise/rainbow.frag [2412/2412] -> "mirror/web.engr.oregonstate.edu/~mjb/glman/Examples/Noise/rainbow.frag" [1]
2026-05-28 16:46:23 URL:https://web.engr.oregonstate.edu/~mjb/glman/Examples/Noise/rainbow.glib [181/181] -> "mirror/web.engr.oregonstate.edu/~mjb/glman/Examples/Noise/rainbow.glib" [1]
2026-05-28 16:46:23 URL:https://web.engr.oregonstate.edu/~mjb/glman/Examples/Noise/rainbow.vert [486/486] -> "mirror/web.engr.oregonstate.edu/~mjb/glman/Examples/Noise/rainbow.vert" [1]
2026-05-28 16:46:23 URL:https://web.engr.oregonstate.edu/~mjb/glman/Examples/Noise/rainbowtimer.frag [2508/2508] -> "mirror/web.engr.oregonstate.edu/~mjb/glman/Examples/Noise/rainbowtimer.frag" [1]
2026-05-28 16:46:23 URL:https://web.engr.oregonstate.edu/~mjb/glman/Examples/Noise/rainbowtimer.glib [231/231] -> "mirror/web.engr.oregonstate.edu/~mjb/glman/Examples/Noise/rainbowtimer.glib" [1]
2026-05-28 16:46:23 URL:https://web.engr.oregonstate.edu/~mjb/glman/Examples/Noise/rainbowtimer.vert [547/547] -> "mirror/web.engr.oregonstate.edu/~mjb/glman/Examples/Noise/rainbowtimer.vert" [1]
2026-05-28 16:46:23 URL:https://web.engr.oregonstate.edu/~mjb/glman/Examples/Noise/rings.frag [773/773] -> "mirror/web.engr.oregonstate.edu/~mjb/glman/Examples/Noise/rings.frag" [1]
2026-05-28 16:46:23 URL:https://web.engr.oregonstate.edu/~mjb/glman/Examples/Noise/rings.glib [309/309] -> "mirror/web.engr.oregonstate.edu/~mjb/glman/Examples/Noise/rings.glib" [1]
2026-05-28 16:46:23 URL:https://web.engr.oregonstate.edu/~mjb/glman/Examples/Noise/rings.vert [441/441] -> "mirror/web.engr.oregonstate.edu/~mjb/glman/Examples/Noise/rings.vert" [1]
2026-05-28 16:46:26 URL:https://web.engr.oregonstate.edu/~mjb/glman/Examples/ObjFiles/bunny.obj.gz [1750347/1750347] -> "mirror/web.engr.oregonstate.edu/~mjb/glman/Examples/ObjFiles/bunny.obj.gz" [1]
2026-05-28 16:46:29 URL:https://web.engr.oregonstate.edu/~mjb/glman/Examples/ObjFiles/bunny2.obj.gz [1923160/1923160] -> "mirror/web.engr.oregonstate.edu/~mjb/glman/Examples/ObjFiles/bunny2.obj.gz" [1]
2026-05-28 16:46:29 URL:https://web.engr.oregonstate.edu/~mjb/glman/Examples/ObjFiles/car.obj.gz [409311/409311] -> "mirror/web.engr.oregonstate.edu/~mjb/glman/Examples/ObjFiles/car.obj.gz" [1]
2026-05-28 16:46:29 URL:https://web.engr.oregonstate.edu/~mjb/glman/Examples/ObjFiles/cow.obj.gz [251670/251670] -> "mirror/web.engr.oregonstate.edu/~mjb/glman/Examples/ObjFiles/cow.obj.gz" [1]
2026-05-28 16:46:29 URL:https://web.engr.oregonstate.edu/~mjb/glman/Examples/ObjFiles/objrainbow.frag [2412/2412] -> "mirror/web.engr.oregonstate.edu/~mjb/glman/Examples/ObjFiles/objrainbow.frag" [1]
2026-05-28 16:46:29 URL:https://web.engr.oregonstate.edu/~mjb/glman/Examples/ObjFiles/objrainbow.glib [187/187] -> "mirror/web.engr.oregonstate.edu/~mjb/glman/Examples/ObjFiles/objrainbow.glib" [1]
2026-05-28 16:46:29 URL:https://web.engr.oregonstate.edu/~mjb/glman/Examples/ObjFiles/objrainbow.vert [486/486] -> "mirror/web.engr.oregonstate.edu/~mjb/glman/Examples/ObjFiles/objrainbow.vert" [1]
2026-05-28 16:46:29 URL:https://web.engr.oregonstate.edu/~mjb/glman/Examples/ObjFiles/pawn.obj.gz [9021/9021] -> "mirror/web.engr.oregonstate.edu/~mjb/glman/Examples/ObjFiles/pawn.obj.gz" [1]
2026-05-28 16:46:30 URL:https://web.engr.oregonstate.edu/~mjb/glman/Examples/ObjFiles/skeleton.obj.gz [459992/459992] -> "mirror/web.engr.oregonstate.edu/~mjb/glman/Examples/ObjFiles/skeleton.obj.gz" [1]
2026-05-28 16:46:30 URL:https://web.engr.oregonstate.edu/~mjb/glman/Examples/ObjFiles/testobj.frag [656/656] -> "mirror/web.engr.oregonstate.edu/~mjb/glman/Examples/ObjFiles/testobj.frag" [1]
2026-05-28 16:46:30 URL:https://web.engr.oregonstate.edu/~mjb/glman/Examples/ObjFiles/testobj.glib [204/204] -> "mirror/web.engr.oregonstate.edu/~mjb/glman/Examples/ObjFiles/testobj.glib" [1]
2026-05-28 16:46:30 URL:https://web.engr.oregonstate.edu/~mjb/glman/Examples/ObjFiles/testobj.vert [542/542] -> "mirror/web.engr.oregonstate.edu/~mjb/glman/Examples/ObjFiles/testobj.vert" [1]
2026-05-28 16:46:30 URL:https://web.engr.oregonstate.edu/~mjb/glman/Examples/Timer/noise2d.064.tex [16392/16392] -> "mirror/web.engr.oregonstate.edu/~mjb/glman/Examples/Timer/noise2d.064.tex" [1]
2026-05-28 16:46:41 URL:https://web.engr.oregonstate.edu/~mjb/glman/Examples/Timer/noise3d.128.tex [8388620/8388620] -> "mirror/web.engr.oregonstate.edu/~mjb/glman/Examples/Timer/noise3d.128.tex" [1]
2026-05-28 16:46:41 URL:https://web.engr.oregonstate.edu/~mjb/glman/Examples/Timer/rainbowtimer.frag [2476/2476] -> "mirror/web.engr.oregonstate.edu/~mjb/glman/Examples/Timer/rainbowtimer.frag" [1]
2026-05-28 16:46:41 URL:https://web.engr.oregonstate.edu/~mjb/glman/Examples/Timer/rainbowtimer.glib [231/231] -> "mirror/web.engr.oregonstate.edu/~mjb/glman/Examples/Timer/rainbowtimer.glib" [1]
2026-05-28 16:46:41 URL:https://web.engr.oregonstate.edu/~mjb/glman/Examples/Timer/rainbowtimer.vert [547/547] -> "mirror/web.engr.oregonstate.edu/~mjb/glman/Examples/Timer/rainbowtimer.vert" [1]
2026-05-28 16:46:41 URL:https://web.engr.oregonstate.edu/~mjb/glman/Examples/Vis/Thumbs.db [47104/47104] -> "mirror/web.engr.oregonstate.edu/~mjb/glman/Examples/Vis/Thumbs.db" [1]
2026-05-28 16:46:42 URL:https://web.engr.oregonstate.edu/~mjb/glman/Examples/Vis/image.bmp [786488/786488] -> "mirror/web.engr.oregonstate.edu/~mjb/glman/Examples/Vis/image.bmp" [1]
2026-05-28 16:46:42 URL:https://web.engr.oregonstate.edu/~mjb/glman/Examples/Vis/lic.frag [821/821] -> "mirror/web.engr.oregonstate.edu/~mjb/glman/Examples/Vis/lic.frag" [1]
2026-05-28 16:46:42 URL:https://web.engr.oregonstate.edu/~mjb/glman/Examples/Vis/lic.glib [130/130] -> "mirror/web.engr.oregonstate.edu/~mjb/glman/Examples/Vis/lic.glib" [1]
2026-05-28 16:46:42 URL:https://web.engr.oregonstate.edu/~mjb/glman/Examples/Vis/lic.vert [122/122] -> "mirror/web.engr.oregonstate.edu/~mjb/glman/Examples/Vis/lic.vert" [1]
2026-05-28 16:46:42 URL:https://web.engr.oregonstate.edu/~mjb/glman/Examples/Vis/points.frag [974/974] -> "mirror/web.engr.oregonstate.edu/~mjb/glman/Examples/Vis/points.frag" [1]
2026-05-28 16:46:42 URL:https://web.engr.oregonstate.edu/~mjb/glman/Examples/Vis/points.glib [297/297] -> "mirror/web.engr.oregonstate.edu/~mjb/glman/Examples/Vis/points.glib" [1]
2026-05-28 16:46:42 URL:https://web.engr.oregonstate.edu/~mjb/glman/Examples/Vis/points.vert [909/909] -> "mirror/web.engr.oregonstate.edu/~mjb/glman/Examples/Vis/points.vert" [1]
2026-05-28 16:46:42 URL:https://web.engr.oregonstate.edu/~mjb/glman/Examples/Vis/projectdata.frag [791/791] -> "mirror/web.engr.oregonstate.edu/~mjb/glman/Examples/Vis/projectdata.frag" [1]
2026-05-28 16:46:42 URL:https://web.engr.oregonstate.edu/~mjb/glman/Examples/Vis/projectdata.glib [229/229] -> "mirror/web.engr.oregonstate.edu/~mjb/glman/Examples/Vis/projectdata.glib" [1]
2026-05-28 16:46:42 URL:https://web.engr.oregonstate.edu/~mjb/glman/Examples/Vis/projectdata.vert [1092/1092] -> "mirror/web.engr.oregonstate.edu/~mjb/glman/Examples/Vis/projectdata.vert" [1]
2026-05-28 16:46:42 URL:https://web.engr.oregonstate.edu/~mjb/glman/Examples/Vis/streamtube.frag [136/136] -> "mirror/web.engr.oregonstate.edu/~mjb/glman/Examples/Vis/streamtube.frag" [1]
2026-05-28 16:46:42 URL:https://web.engr.oregonstate.edu/~mjb/glman/Examples/Vis/streamtube.glib [332/332] -> "mirror/web.engr.oregonstate.edu/~mjb/glman/Examples/Vis/streamtube.glib" [1]
2026-05-28 16:46:42 URL:https://web.engr.oregonstate.edu/~mjb/glman/Examples/Vis/streamtube.vert [1894/1894] -> "mirror/web.engr.oregonstate.edu/~mjb/glman/Examples/Vis/streamtube.vert" [1]
2026-05-28 16:46:42 URL:https://web.engr.oregonstate.edu/~mjb/glman/Examples/Vis/volren.frag [857/857] -> "mirror/web.engr.oregonstate.edu/~mjb/glman/Examples/Vis/volren.frag" [1]
2026-05-28 16:46:42 URL:https://web.engr.oregonstate.edu/~mjb/glman/Examples/Vis/volren.glib [241/241] -> "mirror/web.engr.oregonstate.edu/~mjb/glman/Examples/Vis/volren.glib" [1]
2026-05-28 16:46:42 URL:https://web.engr.oregonstate.edu/~mjb/glman/Examples/Vis/volren.vert [750/750] -> "mirror/web.engr.oregonstate.edu/~mjb/glman/Examples/Vis/volren.vert" [1]
https://web.engr.oregonstate.edu/~mjb/vulkan/openglstatemachine.pdf:
2026-05-28 16:46:42 ERROR 404: Not Found.
https://web.engr.oregonstate.edu/~mjb/vulkan/opengl45-quick-reference-card.pdf:
2026-05-28 16:46:42 ERROR 404: Not Found.
FINISHED --2026-05-28 16:46:42--
Total wall clock time: 4m 57s
Downloaded: 248 files, 328M in 4m 52s (1.12 MB/s)
