2026-05-28 16:38:51 URL:https://web.engr.oregonstate.edu/~mjb/cgeducation/ShadersBookSecond/Source/Others/ [7561/7561] -> "mirror/web.engr.oregonstate.edu/~mjb/cgeducation/ShadersBookSecond/Source/Others" [1]
2026-05-28 16:38:51 URL:https://web.engr.oregonstate.edu/~mjb/cgeducation/ShadersBookSecond/Source/beziercurve.glib [288/288] -> "mirror/web.engr.oregonstate.edu/~mjb/cgeducation/ShadersBookSecond/Source/beziercurve.glib" [1]
2026-05-28 16:38:51 URL:https://web.engr.oregonstate.edu/~mjb/cgeducation/ShadersBookSecond/Source/beziercurve.vert [73/73] -> "mirror/web.engr.oregonstate.edu/~mjb/cgeducation/ShadersBookSecond/Source/beziercurve.vert" [1]
2026-05-28 16:38:51 URL:https://web.engr.oregonstate.edu/~mjb/cgeducation/ShadersBookSecond/Source/beziercurve.geom [694/694] -> "mirror/web.engr.oregonstate.edu/~mjb/cgeducation/ShadersBookSecond/Source/beziercurve.geom" [1]
2026-05-28 16:38:51 URL:https://web.engr.oregonstate.edu/~mjb/cgeducation/ShadersBookSecond/Source/beziercurve.frag [137/137] -> "mirror/web.engr.oregonstate.edu/~mjb/cgeducation/ShadersBookSecond/Source/beziercurve.frag" [1]
2026-05-28 16:38:51 URL:https://web.engr.oregonstate.edu/~mjb/cgeducation/ShadersBookSecond/Source/beziersurface.glib [973/973] -> "mirror/web.engr.oregonstate.edu/~mjb/cgeducation/ShadersBookSecond/Source/beziersurface.glib" [1]
2026-05-28 16:38:51 URL:https://web.engr.oregonstate.edu/~mjb/cgeducation/ShadersBookSecond/Source/beziersurface.vert [64/64] -> "mirror/web.engr.oregonstate.edu/~mjb/cgeducation/ShadersBookSecond/Source/beziersurface.vert" [1]
2026-05-28 16:38:51 URL:https://web.engr.oregonstate.edu/~mjb/cgeducation/ShadersBookSecond/Source/beziersurface.tcs [480/480] -> "mirror/web.engr.oregonstate.edu/~mjb/cgeducation/ShadersBookSecond/Source/beziersurface.tcs" [1]
2026-05-28 16:38:51 URL:https://web.engr.oregonstate.edu/~mjb/cgeducation/ShadersBookSecond/Source/beziersurface.tes [2260/2260] -> "mirror/web.engr.oregonstate.edu/~mjb/cgeducation/ShadersBookSecond/Source/beziersurface.tes" [1]
2026-05-28 16:38:51 URL:https://web.engr.oregonstate.edu/~mjb/cgeducation/ShadersBookSecond/Source/beziersurface.geom [838/838] -> "mirror/web.engr.oregonstate.edu/~mjb/cgeducation/ShadersBookSecond/Source/beziersurface.geom" [1]
2026-05-28 16:38:51 URL:https://web.engr.oregonstate.edu/~mjb/cgeducation/ShadersBookSecond/Source/beziersurface.frag [202/202] -> "mirror/web.engr.oregonstate.edu/~mjb/cgeducation/ShadersBookSecond/Source/beziersurface.frag" [1]
2026-05-28 16:38:51 URL:https://web.engr.oregonstate.edu/~mjb/cgeducation/ShadersBookSecond/Source/cloud.glib [273/273] -> "mirror/web.engr.oregonstate.edu/~mjb/cgeducation/ShadersBookSecond/Source/cloud.glib" [1]
2026-05-28 16:38:51 URL:https://web.engr.oregonstate.edu/~mjb/cgeducation/ShadersBookSecond/Source/cloud.vert [473/473] -> "mirror/web.engr.oregonstate.edu/~mjb/cgeducation/ShadersBookSecond/Source/cloud.vert" [1]
2026-05-28 16:38:51 URL:https://web.engr.oregonstate.edu/~mjb/cgeducation/ShadersBookSecond/Source/cloud.frag [520/520] -> "mirror/web.engr.oregonstate.edu/~mjb/cgeducation/ShadersBookSecond/Source/cloud.frag" [1]
2026-05-28 16:38:51 URL:https://web.engr.oregonstate.edu/~mjb/cgeducation/ShadersBookSecond/Source/corvallis.glib [407/407] -> "mirror/web.engr.oregonstate.edu/~mjb/cgeducation/ShadersBookSecond/Source/corvallis.glib" [1]
2026-05-28 16:38:51 URL:https://web.engr.oregonstate.edu/~mjb/cgeducation/ShadersBookSecond/Source/corvallis.vert [655/655] -> "mirror/web.engr.oregonstate.edu/~mjb/cgeducation/ShadersBookSecond/Source/corvallis.vert" [1]
2026-05-28 16:38:51 URL:https://web.engr.oregonstate.edu/~mjb/cgeducation/ShadersBookSecond/Source/corvallis.frag [136/136] -> "mirror/web.engr.oregonstate.edu/~mjb/cgeducation/ShadersBookSecond/Source/corvallis.frag" [1]
2026-05-28 16:38:51 URL:https://web.engr.oregonstate.edu/~mjb/cgeducation/ShadersBookSecond/Source/edge.glib [237/237] -> "mirror/web.engr.oregonstate.edu/~mjb/cgeducation/ShadersBookSecond/Source/edge.glib" [1]
2026-05-28 16:38:51 URL:https://web.engr.oregonstate.edu/~mjb/cgeducation/ShadersBookSecond/Source/edge.vert [145/145] -> "mirror/web.engr.oregonstate.edu/~mjb/cgeducation/ShadersBookSecond/Source/edge.vert" [1]
2026-05-28 16:38:51 URL:https://web.engr.oregonstate.edu/~mjb/cgeducation/ShadersBookSecond/Source/edge.frag [1554/1554] -> "mirror/web.engr.oregonstate.edu/~mjb/cgeducation/ShadersBookSecond/Source/edge.frag" [1]
2026-05-28 16:38:51 URL:https://web.engr.oregonstate.edu/~mjb/cgeducation/ShadersBookSecond/Source/eroded.glib [250/250] -> "mirror/web.engr.oregonstate.edu/~mjb/cgeducation/ShadersBookSecond/Source/eroded.glib" [1]
2026-05-28 16:38:51 URL:https://web.engr.oregonstate.edu/~mjb/cgeducation/ShadersBookSecond/Source/eroded.vert [488/488] -> "mirror/web.engr.oregonstate.edu/~mjb/cgeducation/ShadersBookSecond/Source/eroded.vert" [1]
2026-05-28 16:38:51 URL:https://web.engr.oregonstate.edu/~mjb/cgeducation/ShadersBookSecond/Source/eroded.frag [579/579] -> "mirror/web.engr.oregonstate.edu/~mjb/cgeducation/ShadersBookSecond/Source/eroded.frag" [1]
2026-05-28 16:38:51 URL:https://web.engr.oregonstate.edu/~mjb/cgeducation/ShadersBookSecond/Source/explode.glib [323/323] -> "mirror/web.engr.oregonstate.edu/~mjb/cgeducation/ShadersBookSecond/Source/explode.glib" [1]
2026-05-28 16:38:51 URL:https://web.engr.oregonstate.edu/~mjb/cgeducation/ShadersBookSecond/Source/explode.vert [94/94] -> "mirror/web.engr.oregonstate.edu/~mjb/cgeducation/ShadersBookSecond/Source/explode.vert" [1]
2026-05-28 16:38:51 URL:https://web.engr.oregonstate.edu/~mjb/cgeducation/ShadersBookSecond/Source/explode.geom [1357/1357] -> "mirror/web.engr.oregonstate.edu/~mjb/cgeducation/ShadersBookSecond/Source/explode.geom" [1]
2026-05-28 16:38:51 URL:https://web.engr.oregonstate.edu/~mjb/cgeducation/ShadersBookSecond/Source/explode.frag [216/216] -> "mirror/web.engr.oregonstate.edu/~mjb/cgeducation/ShadersBookSecond/Source/explode.frag" [1]
2026-05-28 16:38:51 URL:https://web.engr.oregonstate.edu/~mjb/cgeducation/ShadersBookSecond/Source/image.glib [348/348] -> "mirror/web.engr.oregonstate.edu/~mjb/cgeducation/ShadersBookSecond/Source/image.glib" [1]
2026-05-28 16:38:51 URL:https://web.engr.oregonstate.edu/~mjb/cgeducation/ShadersBookSecond/Source/image.vert [145/145] -> "mirror/web.engr.oregonstate.edu/~mjb/cgeducation/ShadersBookSecond/Source/image.vert" [1]
2026-05-28 16:38:51 URL:https://web.engr.oregonstate.edu/~mjb/cgeducation/ShadersBookSecond/Source/image.frag [6508/6508] -> "mirror/web.engr.oregonstate.edu/~mjb/cgeducation/ShadersBookSecond/Source/image.frag" [1]
2026-05-28 16:38:52 URL:https://web.engr.oregonstate.edu/~mjb/cgeducation/ShadersBookSecond/Source/imageRipple.glib [322/322] -> "mirror/web.engr.oregonstate.edu/~mjb/cgeducation/ShadersBookSecond/Source/imageRipple.glib" [1]
2026-05-28 16:38:52 URL:https://web.engr.oregonstate.edu/~mjb/cgeducation/ShadersBookSecond/Source/imageRipple.vert [144/144] -> "mirror/web.engr.oregonstate.edu/~mjb/cgeducation/ShadersBookSecond/Source/imageRipple.vert" [1]
2026-05-28 16:38:52 URL:https://web.engr.oregonstate.edu/~mjb/cgeducation/ShadersBookSecond/Source/imageRipple.frag [673/673] -> "mirror/web.engr.oregonstate.edu/~mjb/cgeducation/ShadersBookSecond/Source/imageRipple.frag" [1]
2026-05-28 16:38:52 URL:https://web.engr.oregonstate.edu/~mjb/cgeducation/ShadersBookSecond/Source/lighting.glib [518/518] -> "mirror/web.engr.oregonstate.edu/~mjb/cgeducation/ShadersBookSecond/Source/lighting.glib" [1]
2026-05-28 16:38:52 URL:https://web.engr.oregonstate.edu/~mjb/cgeducation/ShadersBookSecond/Source/lighting.vert [1806/1806] -> "mirror/web.engr.oregonstate.edu/~mjb/cgeducation/ShadersBookSecond/Source/lighting.vert" [1]
2026-05-28 16:38:52 URL:https://web.engr.oregonstate.edu/~mjb/cgeducation/ShadersBookSecond/Source/lighting.frag [1480/1480] -> "mirror/web.engr.oregonstate.edu/~mjb/cgeducation/ShadersBookSecond/Source/lighting.frag" [1]
2026-05-28 16:38:52 URL:https://web.engr.oregonstate.edu/~mjb/cgeducation/ShadersBookSecond/Source/mandelzoom.glib [437/437] -> "mirror/web.engr.oregonstate.edu/~mjb/cgeducation/ShadersBookSecond/Source/mandelzoom.glib" [1]
2026-05-28 16:38:52 URL:https://web.engr.oregonstate.edu/~mjb/cgeducation/ShadersBookSecond/Source/mandelzoom.vert [332/332] -> "mirror/web.engr.oregonstate.edu/~mjb/cgeducation/ShadersBookSecond/Source/mandelzoom.vert" [1]
2026-05-28 16:38:52 URL:https://web.engr.oregonstate.edu/~mjb/cgeducation/ShadersBookSecond/Source/mandelzoom.frag [1492/1492] -> "mirror/web.engr.oregonstate.edu/~mjb/cgeducation/ShadersBookSecond/Source/mandelzoom.frag" [1]
2026-05-28 16:38:52 URL:https://web.engr.oregonstate.edu/~mjb/cgeducation/ShadersBookSecond/Source/multiband.glib [555/555] -> "mirror/web.engr.oregonstate.edu/~mjb/cgeducation/ShadersBookSecond/Source/multiband.glib" [1]
2026-05-28 16:38:52 URL:https://web.engr.oregonstate.edu/~mjb/cgeducation/ShadersBookSecond/Source/multiband.vert [144/144] -> "mirror/web.engr.oregonstate.edu/~mjb/cgeducation/ShadersBookSecond/Source/multiband.vert" [1]
2026-05-28 16:38:52 URL:https://web.engr.oregonstate.edu/~mjb/cgeducation/ShadersBookSecond/Source/multiband.frag [1449/1449] -> "mirror/web.engr.oregonstate.edu/~mjb/cgeducation/ShadersBookSecond/Source/multiband.frag" [1]
2026-05-28 16:38:52 URL:https://web.engr.oregonstate.edu/~mjb/cgeducation/ShadersBookSecond/Source/ovalnoise.glib [429/429] -> "mirror/web.engr.oregonstate.edu/~mjb/cgeducation/ShadersBookSecond/Source/ovalnoise.glib" [1]
2026-05-28 16:38:52 URL:https://web.engr.oregonstate.edu/~mjb/cgeducation/ShadersBookSecond/Source/ovalnoise.vert [510/510] -> "mirror/web.engr.oregonstate.edu/~mjb/cgeducation/ShadersBookSecond/Source/ovalnoise.vert" [1]
2026-05-28 16:38:52 URL:https://web.engr.oregonstate.edu/~mjb/cgeducation/ShadersBookSecond/Source/ovalnoise.frag [2849/2849] -> "mirror/web.engr.oregonstate.edu/~mjb/cgeducation/ShadersBookSecond/Source/ovalnoise.frag" [1]
2026-05-28 16:38:52 URL:https://web.engr.oregonstate.edu/~mjb/cgeducation/ShadersBookSecond/Source/pleats.glib [614/614] -> "mirror/web.engr.oregonstate.edu/~mjb/cgeducation/ShadersBookSecond/Source/pleats.glib" [1]
2026-05-28 16:38:52 URL:https://web.engr.oregonstate.edu/~mjb/cgeducation/ShadersBookSecond/Source/pleats.vert [2026/2026] -> "mirror/web.engr.oregonstate.edu/~mjb/cgeducation/ShadersBookSecond/Source/pleats.vert" [1]
2026-05-28 16:38:52 URL:https://web.engr.oregonstate.edu/~mjb/cgeducation/ShadersBookSecond/Source/pleats.frag [2301/2301] -> "mirror/web.engr.oregonstate.edu/~mjb/cgeducation/ShadersBookSecond/Source/pleats.frag" [1]
2026-05-28 16:38:52 URL:https://web.engr.oregonstate.edu/~mjb/cgeducation/ShadersBookSecond/Source/rainbow.glib [309/309] -> "mirror/web.engr.oregonstate.edu/~mjb/cgeducation/ShadersBookSecond/Source/rainbow.glib" [1]
2026-05-28 16:38:52 URL:https://web.engr.oregonstate.edu/~mjb/cgeducation/ShadersBookSecond/Source/rainbow.vert [470/470] -> "mirror/web.engr.oregonstate.edu/~mjb/cgeducation/ShadersBookSecond/Source/rainbow.vert" [1]
2026-05-28 16:38:52 URL:https://web.engr.oregonstate.edu/~mjb/cgeducation/ShadersBookSecond/Source/rainbow.frag [2633/2633] -> "mirror/web.engr.oregonstate.edu/~mjb/cgeducation/ShadersBookSecond/Source/rainbow.frag" [1]
2026-05-28 16:38:52 URL:https://web.engr.oregonstate.edu/~mjb/cgeducation/ShadersBookSecond/Source/reflect.glib [613/613] -> "mirror/web.engr.oregonstate.edu/~mjb/cgeducation/ShadersBookSecond/Source/reflect.glib" [1]
2026-05-28 16:38:52 URL:https://web.engr.oregonstate.edu/~mjb/cgeducation/ShadersBookSecond/Source/reflect.vert [400/400] -> "mirror/web.engr.oregonstate.edu/~mjb/cgeducation/ShadersBookSecond/Source/reflect.vert" [1]
2026-05-28 16:38:52 URL:https://web.engr.oregonstate.edu/~mjb/cgeducation/ShadersBookSecond/Source/reflect.frag [218/218] -> "mirror/web.engr.oregonstate.edu/~mjb/cgeducation/ShadersBookSecond/Source/reflect.frag" [1]
2026-05-28 16:38:52 URL:https://web.engr.oregonstate.edu/~mjb/cgeducation/ShadersBookSecond/Source/refract.glib [748/748] -> "mirror/web.engr.oregonstate.edu/~mjb/cgeducation/ShadersBookSecond/Source/refract.glib" [1]
2026-05-28 16:38:52 URL:https://web.engr.oregonstate.edu/~mjb/cgeducation/ShadersBookSecond/Source/refract.vert [469/469] -> "mirror/web.engr.oregonstate.edu/~mjb/cgeducation/ShadersBookSecond/Source/refract.vert" [1]
2026-05-28 16:38:52 URL:https://web.engr.oregonstate.edu/~mjb/cgeducation/ShadersBookSecond/Source/refract.frag [552/552] -> "mirror/web.engr.oregonstate.edu/~mjb/cgeducation/ShadersBookSecond/Source/refract.frag" [1]
2026-05-28 16:38:52 URL:https://web.engr.oregonstate.edu/~mjb/cgeducation/ShadersBookSecond/Source/screen.glib [209/209] -> "mirror/web.engr.oregonstate.edu/~mjb/cgeducation/ShadersBookSecond/Source/screen.glib" [1]
2026-05-28 16:38:52 URL:https://web.engr.oregonstate.edu/~mjb/cgeducation/ShadersBookSecond/Source/screen.vert [456/456] -> "mirror/web.engr.oregonstate.edu/~mjb/cgeducation/ShadersBookSecond/Source/screen.vert" [1]
2026-05-28 16:38:52 URL:https://web.engr.oregonstate.edu/~mjb/cgeducation/ShadersBookSecond/Source/screen.frag [636/636] -> "mirror/web.engr.oregonstate.edu/~mjb/cgeducation/ShadersBookSecond/Source/screen.frag" [1]
2026-05-28 16:38:52 URL:https://web.engr.oregonstate.edu/~mjb/cgeducation/ShadersBookSecond/Source/shrink.glib [213/213] -> "mirror/web.engr.oregonstate.edu/~mjb/cgeducation/ShadersBookSecond/Source/shrink.glib" [1]
2026-05-28 16:38:52 URL:https://web.engr.oregonstate.edu/~mjb/cgeducation/ShadersBookSecond/Source/shrink.vert [165/165] -> "mirror/web.engr.oregonstate.edu/~mjb/cgeducation/ShadersBookSecond/Source/shrink.vert" [1]
2026-05-28 16:38:52 URL:https://web.engr.oregonstate.edu/~mjb/cgeducation/ShadersBookSecond/Source/shrink.geom [782/782] -> "mirror/web.engr.oregonstate.edu/~mjb/cgeducation/ShadersBookSecond/Source/shrink.geom" [1]
2026-05-28 16:38:52 URL:https://web.engr.oregonstate.edu/~mjb/cgeducation/ShadersBookSecond/Source/shrink.frag [202/202] -> "mirror/web.engr.oregonstate.edu/~mjb/cgeducation/ShadersBookSecond/Source/shrink.frag" [1]
2026-05-28 16:38:53 URL:https://web.engr.oregonstate.edu/~mjb/cgeducation/ShadersBookSecond/Source/silh.glib [314/314] -> "mirror/web.engr.oregonstate.edu/~mjb/cgeducation/ShadersBookSecond/Source/silh.glib" [1]
2026-05-28 16:38:53 URL:https://web.engr.oregonstate.edu/~mjb/cgeducation/ShadersBookSecond/Source/silh.vert [64/64] -> "mirror/web.engr.oregonstate.edu/~mjb/cgeducation/ShadersBookSecond/Source/silh.vert" [1]
2026-05-28 16:38:53 URL:https://web.engr.oregonstate.edu/~mjb/cgeducation/ShadersBookSecond/Source/silh.geom [1366/1366] -> "mirror/web.engr.oregonstate.edu/~mjb/cgeducation/ShadersBookSecond/Source/silh.geom" [1]
2026-05-28 16:38:53 URL:https://web.engr.oregonstate.edu/~mjb/cgeducation/ShadersBookSecond/Source/silh.frag [237/237] -> "mirror/web.engr.oregonstate.edu/~mjb/cgeducation/ShadersBookSecond/Source/silh.frag" [1]
2026-05-28 16:38:53 URL:https://web.engr.oregonstate.edu/~mjb/cgeducation/ShadersBookSecond/Source/sphereadapt.glib [569/569] -> "mirror/web.engr.oregonstate.edu/~mjb/cgeducation/ShadersBookSecond/Source/sphereadapt.glib" [1]
2026-05-28 16:38:53 URL:https://web.engr.oregonstate.edu/~mjb/cgeducation/ShadersBookSecond/Source/sphereadapt.vert [182/182] -> "mirror/web.engr.oregonstate.edu/~mjb/cgeducation/ShadersBookSecond/Source/sphereadapt.vert" [1]
2026-05-28 16:38:53 URL:https://web.engr.oregonstate.edu/~mjb/cgeducation/ShadersBookSecond/Source/sphereadapt.tcs [1538/1538] -> "mirror/web.engr.oregonstate.edu/~mjb/cgeducation/ShadersBookSecond/Source/sphereadapt.tcs" [1]
2026-05-28 16:38:53 URL:https://web.engr.oregonstate.edu/~mjb/cgeducation/ShadersBookSecond/Source/sphereadapt.tes [652/652] -> "mirror/web.engr.oregonstate.edu/~mjb/cgeducation/ShadersBookSecond/Source/sphereadapt.tes" [1]
2026-05-28 16:38:53 URL:https://web.engr.oregonstate.edu/~mjb/cgeducation/ShadersBookSecond/Source/sphereadapt.geom [766/766] -> "mirror/web.engr.oregonstate.edu/~mjb/cgeducation/ShadersBookSecond/Source/sphereadapt.geom" [1]
2026-05-28 16:38:53 URL:https://web.engr.oregonstate.edu/~mjb/cgeducation/ShadersBookSecond/Source/sphereadapt.frag [495/495] -> "mirror/web.engr.oregonstate.edu/~mjb/cgeducation/ShadersBookSecond/Source/sphereadapt.frag" [1]
2026-05-28 16:38:53 URL:https://web.engr.oregonstate.edu/~mjb/cgeducation/ShadersBookSecond/Source/stripes.glib [496/496] -> "mirror/web.engr.oregonstate.edu/~mjb/cgeducation/ShadersBookSecond/Source/stripes.glib" [1]
2026-05-28 16:38:53 URL:https://web.engr.oregonstate.edu/~mjb/cgeducation/ShadersBookSecond/Source/stripes.vert [624/624] -> "mirror/web.engr.oregonstate.edu/~mjb/cgeducation/ShadersBookSecond/Source/stripes.vert" [1]
2026-05-28 16:38:53 URL:https://web.engr.oregonstate.edu/~mjb/cgeducation/ShadersBookSecond/Source/stripes.frag [476/476] -> "mirror/web.engr.oregonstate.edu/~mjb/cgeducation/ShadersBookSecond/Source/stripes.frag" [1]
2026-05-28 16:38:53 URL:https://web.engr.oregonstate.edu/~mjb/cgeducation/ShadersBookSecond/Source/terrain.glib [499/499] -> "mirror/web.engr.oregonstate.edu/~mjb/cgeducation/ShadersBookSecond/Source/terrain.glib" [1]
2026-05-28 16:38:53 URL:https://web.engr.oregonstate.edu/~mjb/cgeducation/ShadersBookSecond/Source/terrain.vert [272/272] -> "mirror/web.engr.oregonstate.edu/~mjb/cgeducation/ShadersBookSecond/Source/terrain.vert" [1]
2026-05-28 16:38:53 URL:https://web.engr.oregonstate.edu/~mjb/cgeducation/ShadersBookSecond/Source/terrain.frag [2356/2356] -> "mirror/web.engr.oregonstate.edu/~mjb/cgeducation/ShadersBookSecond/Source/terrain.frag" [1]
2026-05-28 16:38:53 URL:https://web.engr.oregonstate.edu/~mjb/cgeducation/ShadersBookSecond/Source/transition.glib [281/281] -> "mirror/web.engr.oregonstate.edu/~mjb/cgeducation/ShadersBookSecond/Source/transition.glib" [1]
2026-05-28 16:38:53 URL:https://web.engr.oregonstate.edu/~mjb/cgeducation/ShadersBookSecond/Source/transition.vert [216/216] -> "mirror/web.engr.oregonstate.edu/~mjb/cgeducation/ShadersBookSecond/Source/transition.vert" [1]
2026-05-28 16:38:53 URL:https://web.engr.oregonstate.edu/~mjb/cgeducation/ShadersBookSecond/Source/transition.frag [1768/1768] -> "mirror/web.engr.oregonstate.edu/~mjb/cgeducation/ShadersBookSecond/Source/transition.frag" [1]
2026-05-28 16:38:53 URL:https://web.engr.oregonstate.edu/~mjb/cgeducation/ShadersBookSecond/Source/world.glib [313/313] -> "mirror/web.engr.oregonstate.edu/~mjb/cgeducation/ShadersBookSecond/Source/world.glib" [1]
2026-05-28 16:38:53 URL:https://web.engr.oregonstate.edu/~mjb/cgeducation/ShadersBookSecond/Source/world.vert [470/470] -> "mirror/web.engr.oregonstate.edu/~mjb/cgeducation/ShadersBookSecond/Source/world.vert" [1]
2026-05-28 16:38:53 URL:https://web.engr.oregonstate.edu/~mjb/cgeducation/ShadersBookSecond/Source/world.frag [573/573] -> "mirror/web.engr.oregonstate.edu/~mjb/cgeducation/ShadersBookSecond/Source/world.frag" [1]
https://web.engr.oregonstate.edu/~mjb/cgeducation/ShadersBookSecond/openglstatemachine.pdf:
2026-05-28 16:38:53 ERROR 404: Not Found.
2026-05-28 16:38:53 URL:https://web.engr.oregonstate.edu/~mjb/cs519/Images/osu.jpg [31654/31654] -> "mirror/web.engr.oregonstate.edu/~mjb/cs519/Images/osu.jpg" [1]
2026-05-28 16:38:53 URL:https://web.engr.oregonstate.edu/~mjb/cs519/snake1.jpg [59447/59447] -> "mirror/web.engr.oregonstate.edu/~mjb/cs519/snake1.jpg" [1]
2026-05-28 16:38:53 URL:https://web.engr.oregonstate.edu/~mjb/cs519/snake1.thumb.jpg [11465/11465] -> "mirror/web.engr.oregonstate.edu/~mjb/cs519/snake1.thumb.jpg" [1]
2026-05-28 16:38:53 URL:https://web.engr.oregonstate.edu/~mjb/cs519/snake2.jpg [43470/43470] -> "mirror/web.engr.oregonstate.edu/~mjb/cs519/snake2.jpg" [1]
2026-05-28 16:38:53 URL:https://web.engr.oregonstate.edu/~mjb/cs519/snake2.thumb.jpg [12229/12229] -> "mirror/web.engr.oregonstate.edu/~mjb/cs519/snake2.thumb.jpg" [1]
2026-05-28 16:38:53 URL:https://web.engr.oregonstate.edu/~mjb/cs519/snake3.jpg [101941/101941] -> "mirror/web.engr.oregonstate.edu/~mjb/cs519/snake3.jpg" [1]
2026-05-28 16:38:53 URL:https://web.engr.oregonstate.edu/~mjb/cs519/snake3.thumb.jpg [19363/19363] -> "mirror/web.engr.oregonstate.edu/~mjb/cs519/snake3.thumb.jpg" [1]
2026-05-28 16:38:57 URL:https://web.engr.oregonstate.edu/~mjb/cs519/wordle.large.jpg [1823437/1823437] -> "mirror/web.engr.oregonstate.edu/~mjb/cs519/wordle.large.jpg" [1]
2026-05-28 16:38:57 URL:https://web.engr.oregonstate.edu/~mjb/cs519/wordle.small.jpg [76598/76598] -> "mirror/web.engr.oregonstate.edu/~mjb/cs519/wordle.small.jpg" [1]
2026-05-28 16:38:57 URL:https://web.engr.oregonstate.edu/~mjb/cs519/questionmarkicon.jpg [11671/11671] -> "mirror/web.engr.oregonstate.edu/~mjb/cs519/questionmarkicon.jpg" [1]
2026-05-28 16:38:57 URL:https://web.engr.oregonstate.edu/~mjb/cs519/handoutsicon.gif [2183/2183] -> "mirror/web.engr.oregonstate.edu/~mjb/cs519/handoutsicon.gif" [1]
2026-05-28 16:38:57 URL:https://web.engr.oregonstate.edu/~mjb/cs519/projectsicon.gif [1503/1503] -> "mirror/web.engr.oregonstate.edu/~mjb/cs519/projectsicon.gif" [1]
2026-05-28 16:38:57 URL:https://web.engr.oregonstate.edu/~mjb/cs519/lecturesicon.gif [1487/1487] -> "mirror/web.engr.oregonstate.edu/~mjb/cs519/lecturesicon.gif" [1]
2026-05-28 16:39:05 URL:https://web.engr.oregonstate.edu/~mjb/cs519/2024StateOfTheGameIndustry.pdf [5980156/5980156] -> "mirror/web.engr.oregonstate.edu/~mjb/cs519/2024StateOfTheGameIndustry.pdf" [1]
2026-05-28 16:39:22 URL:https://web.engr.oregonstate.edu/~mjb/cs519/TheCat.mp4 [13709349/13709349] -> "mirror/web.engr.oregonstate.edu/~mjb/cs519/TheCat.mp4" [1]
2026-05-28 16:39:27 URL:https://web.engr.oregonstate.edu/~mjb/cs519/opengl46-quick-reference-card.pdf [3967665/3967665] -> "mirror/web.engr.oregonstate.edu/~mjb/cs519/opengl46-quick-reference-card.pdf" [1]
2026-05-28 16:39:27 URL:https://web.engr.oregonstate.edu/~mjb/cs519/LookingForAJob.pdf [137860/137860] -> "mirror/web.engr.oregonstate.edu/~mjb/cs519/LookingForAJob.pdf" [1]
2026-05-28 16:39:27 URL:https://web.engr.oregonstate.edu/~mjb/cs519/RealTimeSkillsWanted.pdf [91819/91819] -> "mirror/web.engr.oregonstate.edu/~mjb/cs519/RealTimeSkillsWanted.pdf" [1]
2026-05-28 16:39:34 URL:https://web.engr.oregonstate.edu/~mjb/cs519/VisualizingTheFuture [4704125/4704125] -> "mirror/web.engr.oregonstate.edu/~mjb/cs519/VisualizingTheFuture" [1]
2026-05-28 16:39:34 URL:https://web.engr.oregonstate.edu/~mjb/cs519/Icon-Affordability-Matters-BT500x500.thumb.png [3325/3325] -> "mirror/web.engr.oregonstate.edu/~mjb/cs519/Icon-Affordability-Matters-BT500x500.thumb.png" [1]
2026-05-28 16:39:34 URL:https://web.engr.oregonstate.edu/~mjb/cs519/BookCoverSecond.jpg [370819/370819] -> "mirror/web.engr.oregonstate.edu/~mjb/cs519/BookCoverSecond.jpg" [1]
2026-05-28 16:39:34 URL:https://web.engr.oregonstate.edu/~mjb/cs519/BookCoverSecond.thumb.jpg [80015/80015] -> "mirror/web.engr.oregonstate.edu/~mjb/cs519/BookCoverSecond.thumb.jpg" [1]
2026-05-28 16:39:34 URL:https://web.engr.oregonstate.edu/~mjb/cs519/calendar.html [10364/10364] -> "mirror/web.engr.oregonstate.edu/~mjb/cs519/calendar.html" [1]
2026-05-28 16:39:34 URL:https://web.engr.oregonstate.edu/~mjb/cs519/Tests/test01.html [10282/10282] -> "mirror/web.engr.oregonstate.edu/~mjb/cs519/Tests/test01.html" [1]
2026-05-28 16:39:56 URL:https://web.engr.oregonstate.edu/~mjb/cs519/particles.mp4 [22927366/22927366] -> "mirror/web.engr.oregonstate.edu/~mjb/cs519/particles.mp4" [1]
2026-05-28 16:39:56 URL:https://web.engr.oregonstate.edu/~mjb/cs519/Tests/test02.html [10840/10840] -> "mirror/web.engr.oregonstate.edu/~mjb/cs519/Tests/test02.html" [1]
2026-05-28 16:39:56 URL:https://web.engr.oregonstate.edu/~mjb/cs519/Obj/ [5511/5511] -> "mirror/web.engr.oregonstate.edu/~mjb/cs519/Obj" [1]
2026-05-28 16:39:56 URL:https://web.engr.oregonstate.edu/~mjb/cs519/nvposx.bmp [786488/786488] -> "mirror/web.engr.oregonstate.edu/~mjb/cs519/nvposx.bmp" [1]
2026-05-28 16:39:57 URL:https://web.engr.oregonstate.edu/~mjb/cs519/nvnegx.bmp [786488/786488] -> "mirror/web.engr.oregonstate.edu/~mjb/cs519/nvnegx.bmp" [1]
2026-05-28 16:39:58 URL:https://web.engr.oregonstate.edu/~mjb/cs519/nvposy.bmp [786488/786488] -> "mirror/web.engr.oregonstate.edu/~mjb/cs519/nvposy.bmp" [1]
2026-05-28 16:39:59 URL:https://web.engr.oregonstate.edu/~mjb/cs519/nvnegy.bmp [786488/786488] -> "mirror/web.engr.oregonstate.edu/~mjb/cs519/nvnegy.bmp" [1]
2026-05-28 16:40:00 URL:https://web.engr.oregonstate.edu/~mjb/cs519/nvposz.bmp [786488/786488] -> "mirror/web.engr.oregonstate.edu/~mjb/cs519/nvposz.bmp" [1]
2026-05-28 16:40:01 URL:https://web.engr.oregonstate.edu/~mjb/cs519/nvnegz.bmp [786488/786488] -> "mirror/web.engr.oregonstate.edu/~mjb/cs519/nvnegz.bmp" [1]
2026-05-28 16:40:03 URL:https://web.engr.oregonstate.edu/~mjb/cs519/kec.posx.bmp [3145784/3145784] -> "mirror/web.engr.oregonstate.edu/~mjb/cs519/kec.posx.bmp" [1]
2026-05-28 16:40:05 URL:https://web.engr.oregonstate.edu/~mjb/cs519/kec.negx.bmp [3145784/3145784] -> "mirror/web.engr.oregonstate.edu/~mjb/cs519/kec.negx.bmp" [1]
2026-05-28 16:40:08 URL:https://web.engr.oregonstate.edu/~mjb/cs519/kec.posy.bmp [3145784/3145784] -> "mirror/web.engr.oregonstate.edu/~mjb/cs519/kec.posy.bmp" [1]
2026-05-28 16:40:10 URL:https://web.engr.oregonstate.edu/~mjb/cs519/kec.negy.bmp [3145784/3145784] -> "mirror/web.engr.oregonstate.edu/~mjb/cs519/kec.negy.bmp" [1]
2026-05-28 16:40:13 URL:https://web.engr.oregonstate.edu/~mjb/cs519/kec.posz.bmp [3145784/3145784] -> "mirror/web.engr.oregonstate.edu/~mjb/cs519/kec.posz.bmp" [1]
2026-05-28 16:40:14 URL:https://web.engr.oregonstate.edu/~mjb/cs519/kec.negz.bmp [3145784/3145784] -> "mirror/web.engr.oregonstate.edu/~mjb/cs519/kec.negz.bmp" [1]
2026-05-28 16:40:15 URL:https://web.engr.oregonstate.edu/~mjb/cs519/noisegraph.exe [716288/716288] -> "mirror/web.engr.oregonstate.edu/~mjb/cs519/noisegraph.exe" [1]
2026-05-28 16:40:21 URL:https://web.engr.oregonstate.edu/~mjb/cs519/glman.exe [9588736/9588736] -> "mirror/web.engr.oregonstate.edu/~mjb/cs519/glman.exe" [1]
2026-05-28 16:40:21 URL:https://web.engr.oregonstate.edu/~mjb/cs519/glew32.dll [391680/391680] -> "mirror/web.engr.oregonstate.edu/~mjb/cs519/glew32.dll" [1]
2026-05-28 16:40:22 URL:https://web.engr.oregonstate.edu/~mjb/cs519/glut32.dll [237568/237568] -> "mirror/web.engr.oregonstate.edu/~mjb/cs519/glut32.dll" [1]
2026-05-28 16:40:24 URL:https://web.engr.oregonstate.edu/~mjb/cs519/libcd.lib [3023122/3023122] -> "mirror/web.engr.oregonstate.edu/~mjb/cs519/libcd.lib" [1]
2026-05-28 16:40:24 URL:https://web.engr.oregonstate.edu/~mjb/cs519/libcid.lib [397510/397510] -> "mirror/web.engr.oregonstate.edu/~mjb/cs519/libcid.lib" [1]
2026-05-28 16:40:24 URL:https://web.engr.oregonstate.edu/~mjb/cs519/msvcr71d.dll [544768/544768] -> "mirror/web.engr.oregonstate.edu/~mjb/cs519/msvcr71d.dll" [1]
2026-05-28 16:40:24 URL:https://web.engr.oregonstate.edu/~mjb/cs519/openglstatemachine.pdf [56571/56571] -> "mirror/web.engr.oregonstate.edu/~mjb/cs519/openglstatemachine.pdf" [1]
https://web.engr.oregonstate.edu/~mjb/cs519v/openglstatemachine.pdf:
2026-05-28 16:40:24 ERROR 404: Not Found.
https://web.engr.oregonstate.edu/~mjb/cs550/PDFs/SinCos.1pp.pdf:
2026-05-28 16:40:24 ERROR 404: Not Found.
https://web.engr.oregonstate.edu/~mjb/cs550/Handouts/GettingStarted.1pp.pdf:
2026-05-28 16:40:24 ERROR 404: Not Found.
https://web.engr.oregonstate.edu/~mjb/cs550/Handouts/GettingStarted.2pp.pdf:
2026-05-28 16:40:24 ERROR 404: Not Found.
https://web.engr.oregonstate.edu/~mjb/cs550/Handouts/GettingStarted.4pp.pdf:
2026-05-28 16:40:24 ERROR 404: Not Found.
https://web.engr.oregonstate.edu/~mjb/cs550/Handouts/GettingStarted.6pp.pdf:
2026-05-28 16:40:24 ERROR 404: Not Found.
https://web.engr.oregonstate.edu/~mjb/cs553/Handouts/stencilexamples.2pp.pdf:
2026-05-28 16:40:24 ERROR 404: Not Found.
https://web.engr.oregonstate.edu/~mjb/cs557/Obj/lighting.frag:
2026-05-28 16:40:24 ERROR 403: Forbidden.
https://web.engr.oregonstate.edu/~mjb/cs557/Obj/lighting.geom:
2026-05-28 16:40:24 ERROR 403: Forbidden.
https://web.engr.oregonstate.edu/~mjb/cs557/Obj/lighting.glib:
2026-05-28 16:40:24 ERROR 403: Forbidden.
https://web.engr.oregonstate.edu/~mjb/cs557/Obj/lighting.vert:
2026-05-28 16:40:24 ERROR 403: Forbidden.
https://web.engr.oregonstate.edu/~mjb/cs557/PDFs/Project.Notes.457.557.1pp.pdf:
2026-05-28 16:40:24 ERROR 404: Not Found.
https://web.engr.oregonstate.edu/~mjb/cs575/Handouts/Project.Notes.1pp.pdf:
2026-05-28 16:40:24 ERROR 404: Not Found.
2026-05-28 16:40:24 URL:https://web.engr.oregonstate.edu/~mjb/glman/ClassNotes/0intro.pdf [41988/41988] -> "mirror/web.engr.oregonstate.edu/~mjb/glman/ClassNotes/0intro.pdf" [1]
2026-05-28 16:40:25 URL:https://web.engr.oregonstate.edu/~mjb/glman/ClassNotes/1glslintro.pdf [397655/397655] -> "mirror/web.engr.oregonstate.edu/~mjb/glman/ClassNotes/1glslintro.pdf" [1]
2026-05-28 16:40:25 URL:https://web.engr.oregonstate.edu/~mjb/glman/ClassNotes/bumpmapping.pdf [326074/326074] -> "mirror/web.engr.oregonstate.edu/~mjb/glman/ClassNotes/bumpmapping.pdf" [1]
2026-05-28 16:40:25 URL:https://web.engr.oregonstate.edu/~mjb/glman/ClassNotes/cubemapping.pdf [266689/266689] -> "mirror/web.engr.oregonstate.edu/~mjb/glman/ClassNotes/cubemapping.pdf" [1]
2026-05-28 16:40:26 URL:https://web.engr.oregonstate.edu/~mjb/glman/ClassNotes/dome.pdf [653011/653011] -> "mirror/web.engr.oregonstate.edu/~mjb/glman/ClassNotes/dome.pdf" [1]
2026-05-28 16:40:26 URL:https://web.engr.oregonstate.edu/~mjb/glman/ClassNotes/geometry_shader.pdf [240510/240510] -> "mirror/web.engr.oregonstate.edu/~mjb/glman/ClassNotes/geometry_shader.pdf" [1]
2026-05-28 16:40:26 URL:https://web.engr.oregonstate.edu/~mjb/glman/ClassNotes/glslapi.pdf [25619/25619] -> "mirror/web.engr.oregonstate.edu/~mjb/glman/ClassNotes/glslapi.pdf" [1]
2026-05-28 16:40:26 URL:https://web.engr.oregonstate.edu/~mjb/glman/ClassNotes/graphicsys1.pdf [90606/90606] -> "mirror/web.engr.oregonstate.edu/~mjb/glman/ClassNotes/graphicsys1.pdf" [1]
2026-05-28 16:40:26 URL:https://web.engr.oregonstate.edu/~mjb/glman/ClassNotes/image.pdf [538887/538887] -> "mirror/web.engr.oregonstate.edu/~mjb/glman/ClassNotes/image.pdf" [1]
2026-05-28 16:40:27 URL:https://web.engr.oregonstate.edu/~mjb/glman/ClassNotes/lens.pdf [356783/356783] -> "mirror/web.engr.oregonstate.edu/~mjb/glman/ClassNotes/lens.pdf" [1]
2026-05-28 16:40:27 URL:https://web.engr.oregonstate.edu/~mjb/glman/ClassNotes/lighting.pdf [340162/340162] -> "mirror/web.engr.oregonstate.edu/~mjb/glman/ClassNotes/lighting.pdf" [1]
2026-05-28 16:40:27 URL:https://web.engr.oregonstate.edu/~mjb/glman/ClassNotes/morph.pdf [130063/130063] -> "mirror/web.engr.oregonstate.edu/~mjb/glman/ClassNotes/morph.pdf" [1]
2026-05-28 16:40:27 URL:https://web.engr.oregonstate.edu/~mjb/glman/ClassNotes/noise.pdf [278766/278766] -> "mirror/web.engr.oregonstate.edu/~mjb/glman/ClassNotes/noise.pdf" [1]
2026-05-28 16:40:30 URL:https://web.engr.oregonstate.edu/~mjb/glman/ClassNotes/opendx2pp.pdf [3616278/3616278] -> "mirror/web.engr.oregonstate.edu/~mjb/glman/ClassNotes/opendx2pp.pdf" [1]
2026-05-28 16:40:30 URL:https://web.engr.oregonstate.edu/~mjb/glman/ClassNotes/rainbows.pdf [184144/184144] -> "mirror/web.engr.oregonstate.edu/~mjb/glman/ClassNotes/rainbows.pdf" [1]
2026-05-28 16:40:30 URL:https://web.engr.oregonstate.edu/~mjb/glman/ClassNotes/subtractive.pdf [41564/41564] -> "mirror/web.engr.oregonstate.edu/~mjb/glman/ClassNotes/subtractive.pdf" [1]
2026-05-28 16:40:30 URL:https://web.engr.oregonstate.edu/~mjb/glman/ClassNotes/timer.pdf [169340/169340] -> "mirror/web.engr.oregonstate.edu/~mjb/glman/ClassNotes/timer.pdf" [1]
2026-05-28 16:40:31 URL:https://web.engr.oregonstate.edu/~mjb/glman/ClassNotes/vis.pdf [532961/532961] -> "mirror/web.engr.oregonstate.edu/~mjb/glman/ClassNotes/vis.pdf" [1]
2026-05-28 16:40:31 URL:https://web.engr.oregonstate.edu/~mjb/glman/Examples/0StartHere/ [1747/1747] -> "mirror/web.engr.oregonstate.edu/~mjb/glman/Examples/0StartHere" [1]
2026-05-28 16:40:31 URL:https://web.engr.oregonstate.edu/~mjb/glman/Examples/BumpMap/ [3589/3589] -> "mirror/web.engr.oregonstate.edu/~mjb/glman/Examples/BumpMap" [1]
2026-05-28 16:40:31 URL:https://web.engr.oregonstate.edu/~mjb/glman/Examples/CubeMap/ [10367] -> "mirror/web.engr.oregonstate.edu/~mjb/glman/Examples/CubeMap" [1]
2026-05-28 16:40:31 URL:https://web.engr.oregonstate.edu/~mjb/glman/Examples/Discard/ [2368/2368] -> "mirror/web.engr.oregonstate.edu/~mjb/glman/Examples/Discard" [1]
2026-05-28 16:40:31 URL:https://web.engr.oregonstate.edu/~mjb/glman/Examples/Disco/ [1737/1737] -> "mirror/web.engr.oregonstate.edu/~mjb/glman/Examples/Disco" [1]
2026-05-28 16:40:32 URL:https://web.engr.oregonstate.edu/~mjb/glman/Examples/DotsAndStripes/ [5082/5082] -> "mirror/web.engr.oregonstate.edu/~mjb/glman/Examples/DotsAndStripes" [1]
2026-05-28 16:40:32 URL:https://web.engr.oregonstate.edu/~mjb/glman/Examples/Geometry/ [3992/3992] -> "mirror/web.engr.oregonstate.edu/~mjb/glman/Examples/Geometry" [1]
2026-05-28 16:40:32 URL:https://web.engr.oregonstate.edu/~mjb/glman/Examples/Image/ [5702/5702] -> "mirror/web.engr.oregonstate.edu/~mjb/glman/Examples/Image" [1]
2026-05-28 16:40:32 URL:https://web.engr.oregonstate.edu/~mjb/glman/Examples/Noise/ [4776/4776] -> "mirror/web.engr.oregonstate.edu/~mjb/glman/Examples/Noise" [1]
2026-05-28 16:40:32 URL:https://web.engr.oregonstate.edu/~mjb/glman/Examples/ObjFiles/ [3214/3214] -> "mirror/web.engr.oregonstate.edu/~mjb/glman/Examples/ObjFiles" [1]
2026-05-28 16:40:32 URL:https://web.engr.oregonstate.edu/~mjb/glman/Examples/Timer/ [1779/1779] -> "mirror/web.engr.oregonstate.edu/~mjb/glman/Examples/Timer" [1]
2026-05-28 16:40:33 URL:https://web.engr.oregonstate.edu/~mjb/glman/Examples/Vis/ [4164/4164] -> "mirror/web.engr.oregonstate.edu/~mjb/glman/Examples/Vis" [1]
https://web.engr.oregonstate.edu/~mjb/vulkan/openglstatemachine.pdf:
2026-05-28 16:40:33 ERROR 404: Not Found.
https://web.engr.oregonstate.edu/~mjb/vulkan/opengl45-quick-reference-card.pdf:
2026-05-28 16:40:33 ERROR 404: Not Found.
FINISHED --2026-05-28 16:40:33--
Total wall clock time: 1m 42s
Downloaded: 163 files, 96M in 1m 35s (1.02 MB/s)
