https://web.engr.oregonstate.edu/~mjb/cgeducation/BookCoverSecond.jpg:
2026-05-28 16:34:28 ERROR 404: Not Found.
https://web.engr.oregonstate.edu/~mjb/cgeducation/wordle.large.jpg:
2026-05-28 16:34:28 ERROR 404: Not Found.
https://web.engr.oregonstate.edu/~mjb/cgeducation/wordle.thumb.jpg:
2026-05-28 16:34:28 ERROR 404: Not Found.
https://web.engr.oregonstate.edu/~mjb/cgeducation/Source:
2026-05-28 16:34:28 ERROR 404: Not Found.
https://web.engr.oregonstate.edu/~mjb/cgeducation/openglstatemachine.pdf:
2026-05-28 16:34:28 ERROR 404: Not Found.
https://web.engr.oregonstate.edu/~mjb/cs519v/openglstatemachine.pdf:
2026-05-28 16:34:28 ERROR 404: Not Found.
https://web.engr.oregonstate.edu/~mjb/cs550/PDFs/SinCos.1pp.pdf:
2026-05-28 16:34:28 ERROR 404: Not Found.
https://web.engr.oregonstate.edu/~mjb/cs550/Handouts/GettingStarted.1pp.pdf:
2026-05-28 16:34:28 ERROR 404: Not Found.
https://web.engr.oregonstate.edu/~mjb/cs550/Handouts/GettingStarted.2pp.pdf:
2026-05-28 16:34:28 ERROR 404: Not Found.
https://web.engr.oregonstate.edu/~mjb/cs550/Handouts/GettingStarted.4pp.pdf:
2026-05-28 16:34:28 ERROR 404: Not Found.
https://web.engr.oregonstate.edu/~mjb/cs550/Handouts/GettingStarted.6pp.pdf:
2026-05-28 16:34:28 ERROR 404: Not Found.
https://web.engr.oregonstate.edu/~mjb/cs553/Handouts/stencilexamples.2pp.pdf:
2026-05-28 16:34:28 ERROR 404: Not Found.
https://web.engr.oregonstate.edu/~mjb/cs557/Obj/lighting.frag:
2026-05-28 16:34:28 ERROR 403: Forbidden.
https://web.engr.oregonstate.edu/~mjb/cs557/Obj/lighting.geom:
2026-05-28 16:34:28 ERROR 403: Forbidden.
https://web.engr.oregonstate.edu/~mjb/cs557/Obj/lighting.glib:
2026-05-28 16:34:29 ERROR 403: Forbidden.
https://web.engr.oregonstate.edu/~mjb/cs557/Obj/lighting.vert:
2026-05-28 16:34:29 ERROR 403: Forbidden.
https://web.engr.oregonstate.edu/~mjb/cs557/PDFs/Project.Notes.457.557.1pp.pdf:
2026-05-28 16:34:29 ERROR 404: Not Found.
https://web.engr.oregonstate.edu/~mjb/cs575/Handouts/Project.Notes.1pp.pdf:
2026-05-28 16:34:29 ERROR 404: Not Found.
2026-05-28 16:34:29 URL:https://web.engr.oregonstate.edu/~mjb/osu.jpg [25450/25450] -> "mirror/web.engr.oregonstate.edu/~mjb/osu.jpg" [1]
https://web.engr.oregonstate.edu/~mjb/mjbgamemaker-1pp.pdf:
2026-05-28 16:34:29 ERROR 404: Not Found.
https://web.engr.oregonstate.edu/~mjb/mjbgamemaker-2pp.pdf:
2026-05-28 16:34:29 ERROR 404: Not Found.
https://web.engr.oregonstate.edu/~mjb/mjbgamemaker-6pp.pdf:
2026-05-28 16:34:29 ERROR 404: Not Found.
https://web.engr.oregonstate.edu/~mjb/actions.pdf:
2026-05-28 16:34:29 ERROR 404: Not Found.
https://web.engr.oregonstate.edu/~mjb/functions.pdf:
2026-05-28 16:34:29 ERROR 404: Not Found.
https://web.engr.oregonstate.edu/~mjb/ecosim.pdf:
2026-05-28 16:34:29 ERROR 404: Not Found.
https://web.engr.oregonstate.edu/~mjb/ecosim.gmk:
2026-05-28 16:34:29 ERROR 404: Not Found.
https://web.engr.oregonstate.edu/~mjb/gmaker80.pdf:
2026-05-28 16:34:29 ERROR 404: Not Found.
https://web.engr.oregonstate.edu/~mjb/d3d.pdf:
2026-05-28 16:34:29 ERROR 404: Not Found.
https://web.engr.oregonstate.edu/~mjb/bouncer.gmk:
2026-05-28 16:34:29 ERROR 404: Not Found.
https://web.engr.oregonstate.edu/~mjb/burnme.gmk:
2026-05-28 16:34:29 ERROR 404: Not Found.
https://web.engr.oregonstate.edu/~mjb/chase.gmk:
2026-05-28 16:34:29 ERROR 404: Not Found.
https://web.engr.oregonstate.edu/~mjb/projectile.gmk:
2026-05-28 16:34:29 ERROR 404: Not Found.
https://web.engr.oregonstate.edu/~mjb/eco.gmk:
2026-05-28 16:34:29 ERROR 404: Not Found.
https://web.engr.oregonstate.edu/~mjb/3dtest2.gmk:
2026-05-28 16:34:29 ERROR 404: Not Found.
https://web.engr.oregonstate.edu/~mjb/book1.jpg:
2026-05-28 16:34:29 ERROR 404: Not Found.
https://web.engr.oregonstate.edu/~mjb/book1.thumb.jpg:
2026-05-28 16:34:29 ERROR 404: Not Found.
https://web.engr.oregonstate.edu/~mjb/book2.jpg:
2026-05-28 16:34:29 ERROR 404: Not Found.
https://web.engr.oregonstate.edu/~mjb/book2.thumb.jpg:
2026-05-28 16:34:29 ERROR 404: Not Found.
https://web.engr.oregonstate.edu/~mjb/gm8_changes.html:
2026-05-28 16:34:29 ERROR 404: Not Found.
https://web.engr.oregonstate.edu/~mjb/CoachingWorkshopAFinal.1pp.pdf:
2026-05-28 16:34:29 ERROR 404: Not Found.
https://web.engr.oregonstate.edu/~mjb/CoachingWorkshopAFinal.2pp.pdf:
2026-05-28 16:34:29 ERROR 404: Not Found.
https://web.engr.oregonstate.edu/~mjb/Images/osu.jpg:
2026-05-28 16:34:29 ERROR 404: Not Found.
https://web.engr.oregonstate.edu/~mjb/rainbow1.jpg:
2026-05-28 16:34:29 ERROR 404: Not Found.
https://web.engr.oregonstate.edu/~mjb/rainbow1.thumb.jpg:
2026-05-28 16:34:29 ERROR 404: Not Found.
https://web.engr.oregonstate.edu/~mjb/rainbow2.jpg:
2026-05-28 16:34:29 ERROR 404: Not Found.
https://web.engr.oregonstate.edu/~mjb/rainbow2.thumb.jpg:
2026-05-28 16:34:29 ERROR 404: Not Found.
https://web.engr.oregonstate.edu/~mjb/rainbow3.jpg:
2026-05-28 16:34:29 ERROR 404: Not Found.
https://web.engr.oregonstate.edu/~mjb/rainbow3.thumb.jpg:
2026-05-28 16:34:29 ERROR 404: Not Found.
2026-05-28 16:34:29 URL:https://web.engr.oregonstate.edu/~mjb/cs519/ [113315/113315] -> "mirror/web.engr.oregonstate.edu/~mjb/cs519" [1]
https://web.engr.oregonstate.edu/~mjb/Doc/glman.pdf:
2026-05-28 16:34:29 ERROR 404: Not Found.
https://web.engr.oregonstate.edu/~mjb/GlmanWindows/glman.exe:
2026-05-28 16:34:29 ERROR 404: Not Found.
https://web.engr.oregonstate.edu/~mjb/GlmanWindows/glew32.dll:
2026-05-28 16:34:29 ERROR 404: Not Found.
https://web.engr.oregonstate.edu/~mjb/GlmanWindows/glut32.dll:
2026-05-28 16:34:29 ERROR 404: Not Found.
https://web.engr.oregonstate.edu/~mjb/GlmanWindows/msvcr71d.dll:
2026-05-28 16:34:29 ERROR 404: Not Found.
https://web.engr.oregonstate.edu/~mjb/Examples:
2026-05-28 16:34:29 ERROR 404: Not Found.
https://web.engr.oregonstate.edu/~mjb/ClassNotes:
2026-05-28 16:34:29 ERROR 404: Not Found.
2026-05-28 16:34:29 URL:https://web.engr.oregonstate.edu/~mjb/cs519/teapotposter.pdf [175624/175624] -> "mirror/web.engr.oregonstate.edu/~mjb/cs519/teapotposter.pdf" [1]
2026-05-28 16:34:29 URL:https://web.engr.oregonstate.edu/~mjb/cs519/cowposter.pdf [351531/351531] -> "mirror/web.engr.oregonstate.edu/~mjb/cs519/cowposter.pdf" [1]
2026-05-28 16:34:30 URL:https://web.engr.oregonstate.edu/~mjb/cs519/dinoposter.pdf [177407/177407] -> "mirror/web.engr.oregonstate.edu/~mjb/cs519/dinoposter.pdf" [1]
2026-05-28 16:34:30 URL:https://web.engr.oregonstate.edu/~mjb/cs519/duckyposter.pdf [173698/173698] -> "mirror/web.engr.oregonstate.edu/~mjb/cs519/duckyposter.pdf" [1]
2026-05-28 16:34:30 URL:https://web.engr.oregonstate.edu/~mjb/cs519/vaseposter.pdf [146329/146329] -> "mirror/web.engr.oregonstate.edu/~mjb/cs519/vaseposter.pdf" [1]
https://web.engr.oregonstate.edu/~mjb/vulkan/openglstatemachine.pdf:
2026-05-28 16:34:31 ERROR 404: Not Found.
https://web.engr.oregonstate.edu/~mjb/vulkan/opengl45-quick-reference-card.pdf:
2026-05-28 16:34:31 ERROR 404: Not Found.
FINISHED --2026-05-28 16:34:31--
Total wall clock time: 2.4s
Downloaded: 7 files, 1.1M in 1.2s (964 KB/s)
